00:12:22 0.53 0.56 0.32 2/931 8997
00:12:32 0.61 0.58 0.33 2/928 9106
00:12:42 0.67 0.59 0.33 2/928 9112
00:12:52 0.72 0.61 0.34 2/928 9118
00:13:02 0.76 0.62 0.35 3/916 9307
00:13:12 0.80 0.63 0.36 2/916 9351
00:13:22 0.83 0.64 0.36 2/916 9357
00:13:32 0.86 0.66 0.37 2/916 9463
00:13:42 0.95 0.68 0.38 2/917 9508
00:13:52 0.96 0.70 0.39 2/917 9514
00:14:02 3.55 1.28 0.58 2/917 9922
00:14:12 3.15 1.27 0.59 2/917 10350
00:14:22 2.82 1.26 0.59 2/917 10428
00:14:32 2.54 1.25 0.60 33/948 10884
00:14:42 2.53 1.29 0.62 3/916 10930
00:14:52 2.29 1.28 0.62 2/916 10936
00:15:02 2.09 1.27 0.63 2/916 11088
00:15:12 1.92 1.26 0.63 2/914 11132
00:15:22 1.78 1.25 0.64 4/914 11281
00:15:32 1.66 1.24 0.64 3/914 11287
00:15:42 3.40 1.62 0.77 26/946 11613
00:15:52 3.03 1.60 0.77 2/915 12313
00:16:02 2.72 1.58 0.78 2/915 12469
00:16:12 2.45 1.56 0.78 2/915 13204
00:16:22 2.23 1.54 0.78 2/915 13307
00:16:32 2.04 1.52 0.79 2/915 13410
00:16:42 1.88 1.50 0.79 2/914 14081
00:16:52 1.74 1.49 0.79 2/908 14087
00:17:02 1.63 1.47 0.79 2/908 14228
00:17:12 1.53 1.45 0.80 2/909 14278
00:17:22 1.45 1.44 0.80 2/908 14416
00:17:32 1.38 1.42 0.80 2/907 14422
00:17:42 1.32 1.41 0.81 2/907 14999
00:17:52 1.27 1.39 0.81 28/939 15146
00:18:02 1.23 1.38 0.81 2/906 15154
00:18:13 3.36 1.82 0.96 2/906 15341
00:18:23 2.99 1.79 0.96 2/906 15347
00:18:33 2.69 1.76 0.96 22/935 15917
00:18:43 2.43 1.74 0.96 2/904 15964
00:18:53 2.21 1.71 0.96 13/937 16112
00:19:03 2.02 1.69 0.96 2/905 16120
00:19:13 1.86 1.67 0.97 12/938 16306
00:19:23 1.73 1.64 0.97 2/906 16314
00:19:33 1.62 1.62 0.97 27/938 16461
00:19:43 4.06 2.14 1.14 2/906 16930
00:19:53 3.59 2.11 1.14 3/906 16936
00:20:03 3.19 2.07 1.14 2/908 17091
00:20:13 2.86 2.03 1.14 2/908 17278
00:20:23 2.57 2.00 1.14 2/908 17284
00:20:33 2.33 1.97 1.14 9/940 17713
00:20:43 2.12 1.93 1.13 2/908 17892
00:20:53 1.95 1.90 1.13 3/907 17967
00:21:03 1.80 1.87 1.13 28/939 18312
00:21:13 1.68 1.84 1.13 2/906 18358
00:21:23 2.30 1.96 1.17 3/906 18507
00:21:33 2.10 1.93 1.17 3/906 18510
00:21:43 1.93 1.90 1.17 2/907 18702
00:21:53 1.78 1.87 1.17 2/907 18708
00:22:03 1.66 1.84 1.17 29/939 19278
00:22:13 1.56 1.81 1.16 3/908 19328
00:22:23 2.20 1.94 1.21 2/907 19477
00:22:33 2.01 1.90 1.21 2/907 19483
00:22:43 1.85 1.87 1.21 2/907 19670
00:22:53 1.72 1.85 1.20 2/939 19958
00:23:03 3.93 2.33 1.37 2/907 20248
00:23:13 3.48 2.28 1.36 2/908 20331
00:23:23 4.79 2.61 1.48 2/908 20480
00:23:33 4.21 2.56 1.47 2/908 20629
00:23:43 3.71 2.51 1.47 3/907 20714
00:23:53 5.46 2.91 1.61 26/938 21180
00:24:03 4.77 2.84 1.60 3/907 21326
00:24:13 4.19 2.78 1.60 2/907 21409
00:24:23 3.70 2.72 1.59 2/907 21415
00:24:33 3.29 2.67 1.58 3/907 21421
00:24:43 2.93 2.61 1.57 2/906 21506
00:24:53 2.64 2.56 1.57 3/907 21551
00:25:03 2.38 2.51 1.56 2/907 21560
00:25:13 2.17 2.46 1.55 2/906 21566
00:25:23 1.99 2.41 1.55 2/906 21572
00:25:33 1.84 2.36 1.54 3/906 21578
00:25:43 1.71 2.32 1.54 2/905 21622
00:25:53 1.60 2.27 1.53 3/905 21666
00:26:03 1.59 2.25 1.53 2/905 21672
00:26:13 1.50 2.20 1.52 2/905 21678
00:26:23 1.42 2.16 1.52 2/906 21685
00:26:33 1.91 2.24 1.55 2/938 21829
00:26:43 1.77 2.20 1.54 2/906 21876
00:26:53 1.65 2.16 1.54 2/907 21921
00:27:03 1.55 2.12 1.53 2/907 21927
00:27:13 1.47 2.09 1.53 2/906 21935
00:27:23 1.40 2.05 1.52 2/906 21941
00:27:33 1.33 2.01 1.51 2/906 21947
00:27:43 1.28 1.98 1.51 2/906 21991
00:27:53 1.32 1.96 1.51 2/906 22035
00:28:03 1.27 1.93 1.50 2/906 22041
00:28:13 1.23 1.90 1.50 2/906 22047
00:28:23 1.19 1.87 1.49 3/905 22053
00:28:33 1.16 1.84 1.48 4/906 22057
00:28:43 1.14 1.81 1.48 2/907 22097
00:28:53 1.12 1.79 1.47 2/905 22144
00:29:03 1.10 1.76 1.47 2/904 22150
00:29:13 1.08 1.73 1.46 2/907 22298
00:29:23 1.07 1.71 1.45 2/907 22304
00:29:33 1.06 1.69 1.45 2/907 22310
00:29:43 1.05 1.66 1.44 2/907 22316
00:29:53 1.04 1.64 1.44 2/907 22398
00:30:03 1.03 1.62 1.43 2/907 22404
00:30:13 1.03 1.60 1.43 2/907 22415
00:30:23 1.02 1.58 1.43 2/907 22421
00:30:33 1.02 1.56 1.42 2/907 22427
00:30:43 1.02 1.54 1.42 2/915 22460
00:30:53 1.01 1.52 1.41 2/917 22545
00:31:03 1.01 1.50 1.41 2/915 22551
00:31:13 1.01 1.49 1.40 2/915 22557
00:31:23 1.01 1.47 1.40 2/915 22563
00:31:33 1.08 1.47 1.40 2/915 22569
00:31:43 1.15 1.47 1.40 2/947 22713
00:31:53 1.12 1.46 1.39 2/947 22896
00:32:03 1.10 1.44 1.39 2/947 23079
00:32:13 1.16 1.44 1.39 3/914 23292
00:32:23 1.14 1.43 1.38 3/913 23660
00:32:33 1.11 1.41 1.38 2/913 23829
00:32:43 1.10 1.40 1.37 3/913 23836
00:32:53 1.08 1.38 1.37 3/913 24045
00:33:03 1.07 1.37 1.36 2/913 24090
00:33:13 1.06 1.36 1.36 2/913 24725
00:33:23 1.05 1.35 1.36 2/913 24731
00:33:33 1.04 1.33 1.35 2/913 24737
00:33:43 1.11 1.34 1.35 2/913 24886
00:33:53 1.10 1.33 1.35 2/913 24931
00:34:03 1.08 1.32 1.35 2/913 24976
00:34:13 1.07 1.31 1.34 2/911 25125
00:34:23 1.06 1.30 1.34 3/910 25131
00:34:33 1.05 1.29 1.33 11/942 25278
00:34:43 1.04 1.28 1.33 2/910 25638
00:34:53 1.03 1.27 1.33 2/910 25957
00:35:03 1.03 1.26 1.32 2/911 26421
00:35:13 1.02 1.25 1.32 2/911 26427
00:35:23 1.02 1.24 1.32 2/910 26433
00:35:33 1.02 1.23 1.31 2/910 26439
00:35:43 1.01 1.22 1.31 2/910 26513
00:35:53 1.01 1.22 1.30 2/910 26555
00:36:03 1.01 1.21 1.30 3/906 26639
00:36:13 1.01 1.20 1.30 2/906 26645
00:36:23 1.00 1.19 1.29 2/906 26719
00:36:33 1.00 1.19 1.29 2/905 26725
00:36:43 1.00 1.18 1.28 2/905 26731
00:36:53 1.00 1.17 1.28 2/937 26842
00:37:03 1.00 1.17 1.28 2/905 27336
00:37:13 1.00 1.16 1.27 3/905 27478
00:37:23 1.00 1.16 1.27 2/905 28097
00:37:33 1.07 1.17 1.27 2/905 28620
00:37:43 1.06 1.16 1.27 2/905 28871
00:37:53 1.05 1.16 1.27 12/937 29057
00:38:03 1.04 1.15 1.26 2/906 29144
00:38:13 2.72 1.49 1.37 2/906 29293
00:38:23 2.45 1.48 1.37 2/906 29299
00:38:33 2.63 1.54 1.39 2/907 29829
00:38:43 2.38 1.53 1.39 2/907 29835
00:38:53 2.17 1.51 1.38 2/907 29980
00:39:03 1.99 1.49 1.38 2/907 30064
00:39:13 1.83 1.47 1.37 2/907 30170
00:39:23 1.71 1.46 1.37 3/907 30176
00:39:33 1.60 1.44 1.36 2/907 30619
00:39:43 1.50 1.43 1.36 2/907 30625
00:39:53 1.72 1.48 1.38 2/908 30814
00:40:03 1.61 1.46 1.37 3/912 31049
00:40:13 1.52 1.45 1.37 2/912 31055
00:40:23 3.04 1.76 1.47 2/911 31520
00:40:33 2.72 1.74 1.46 2/911 31843
00:40:43 2.46 1.71 1.46 8/943 31990
00:40:53 2.23 1.69 1.45 2/911 32037
00:41:03 3.73 2.02 1.56 2/911 32264
00:41:13 3.31 1.98 1.55 2/911 32270
00:41:23 5.27 2.43 1.70 2/911 32873
00:41:33 4.62 2.38 1.69 3/911 32879
00:41:43 4.06 2.34 1.69 2/911 32885
00:41:53 5.43 2.70 1.81 2/912 33105
00:42:03 4.75 2.65 1.80 2/913 33190
00:42:13 4.17 2.59 1.80 2/914 33411
00:42:23 3.68 2.54 1.79 3/913 33417
00:42:33 3.27 2.49 1.78 24/945 33769
00:42:44 5.13 2.93 1.93 2/945 34061
00:42:54 4.49 2.86 1.92 2/913 34477
00:43:04 3.95 2.80 1.91 2/913 34559
00:43:14 4.06 2.86 1.94 2/913 34708
00:43:24 3.59 2.80 1.93 3/914 34715
00:43:34 3.91 2.89 1.96 2/913 34864
00:43:44 3.46 2.82 1.95 2/913 34870
00:43:54 4.85 3.13 2.06 23/945 35338
00:44:04 4.26 3.06 2.05 2/915 35585
00:44:14 3.75 2.99 2.04 2/915 35591
00:44:24 3.33 2.92 2.03 2/915 35597
00:44:34 2.97 2.86 2.01 2/915 35603
00:44:44 2.67 2.80 2.00 2/915 35752
00:44:54 2.41 2.74 1.99 2/915 35797
00:45:04 2.19 2.68 1.98 3/914 35884
00:45:14 2.01 2.62 1.97 2/914 35967
00:45:24 1.85 2.57 1.96 2/911 36116
00:45:34 1.72 2.52 1.95 3/911 36122
00:45:44 1.61 2.47 1.94 2/911 36128
00:45:54 1.52 2.42 1.93 2/911 36173
00:46:04 2.96 2.69 2.02 2/943 36680
00:46:14 4.87 3.12 2.17 2/911 37200
00:46:24 4.27 3.05 2.16 2/911 37485
00:46:34 3.77 2.98 2.14 31/943 37632
00:46:44 4.89 3.26 2.24 3/911 37640
00:46:54 4.29 3.18 2.23 2/910 37828
00:47:04 3.87 3.13 2.22 2/911 37913
00:47:14 5.35 3.46 2.34 22/944 38381
00:47:24 5.64 3.59 2.39 2/912 39035
00:47:34 4.92 3.50 2.38 2/912 39254
00:47:44 4.32 3.42 2.36 2/912 39332
00:47:54 3.81 3.34 2.35 3/912 39803
00:48:04 3.38 3.26 2.33 2/911 40232
00:48:14 3.01 3.19 2.32 25/944 40560
00:48:24 2.70 3.11 2.30 3/912 40822
00:48:34 2.44 3.04 2.29 2/912 41126
00:48:44 2.22 2.98 2.27 2/911 41168
00:48:54 2.03 2.91 2.26 3/911 41522
00:49:04 1.87 2.85 2.25 3/911 41564
00:49:14 1.74 2.79 2.23 2/911 41814
00:49:24 1.62 2.73 2.22 3/911 42418
00:49:34 1.53 2.67 2.20 3/911 42762
00:49:44 1.45 2.62 2.19 3/910 42768
00:49:54 1.38 2.56 2.18 3/910 42938
00:50:04 1.32 2.51 2.16 2/912 42947
00:50:14 1.27 2.46 2.15 3/912 43155
00:50:24 1.23 2.41 2.14 2/912 43161
00:50:34 1.19 2.36 2.13 3/912 43796
00:50:44 1.16 2.32 2.11 29/943 43943
00:50:54 2.54 2.59 2.20 2/911 43951
00:51:04 4.46 2.98 2.33 2/911 44100
00:51:14 3.93 2.92 2.32 2/911 44188
00:51:24 6.84 3.58 2.54 2/911 44780
00:51:34 5.94 3.49 2.53 2/911 44786
00:51:44 5.18 3.41 2.51 2/913 44794
00:51:54 4.54 3.33 2.49 2/913 44800
00:52:04 3.99 3.25 2.48 2/914 45014
00:52:14 3.53 3.18 2.46 2/915 45059
00:52:24 3.14 3.10 2.44 2/913 45065
00:52:34 2.81 3.03 2.43 2/913 45071
00:52:44 2.53 2.97 2.41 2/913 45286
00:52:54 2.30 2.90 2.40 2/913 45292
00:53:04 2.10 2.84 2.38 2/913 45298
00:53:14 1.93 2.78 2.36 30/945 45547
00:53:24 1.78 2.72 2.35 2/913 46095
00:53:34 1.66 2.66 2.33 2/913 46101
00:53:44 1.56 2.61 2.32 2/912 46239
00:53:54 1.55 2.57 2.31 2/914 47018
00:54:04 1.47 2.52 2.30 2/914 47156
00:54:14 1.40 2.47 2.28 2/914 47200
00:54:24 1.34 2.42 2.27 3/914 47704
00:54:34 2.31 2.60 2.33 2/913 48300
00:54:44 2.11 2.55 2.31 2/913 48306
00:54:54 1.94 2.50 2.30 2/913 48312
00:55:04 1.80 2.45 2.28 2/913 48321
00:55:14 1.67 2.40 2.27 2/915 48406
00:55:24 1.57 2.35 2.26 2/915 48450
00:55:34 1.48 2.31 2.24 2/915 48456
00:55:44 1.41 2.26 2.23 2/913 48462
00:55:54 1.34 2.22 2.22 2/913 48468
00:56:04 1.29 2.18 2.20 2/913 48474
00:56:14 1.25 2.14 2.19 2/913 48518
00:56:24 1.21 2.10 2.17 2/913 48630
00:56:34 1.17 2.07 2.16 2/913 48636
00:56:44 1.15 2.03 2.15 2/913 48642
00:56:54 1.12 2.00 2.14 2/913 48648
00:57:04 1.10 1.96 2.12 2/913 48654
00:57:14 1.09 1.93 2.11 2/912 48695
00:57:24 1.07 1.90 2.10 2/912 48739
00:57:34 1.06 1.87 2.09 2/910 48745
00:57:44 1.05 1.84 2.07 2/910 48751
00:57:54 1.04 1.81 2.06 2/908 48759
00:58:04 1.04 1.78 2.05 3/908 48765
00:58:14 1.03 1.76 2.04 2/908 48877
00:58:24 1.02 1.73 2.03 2/909 48922
00:58:34 1.02 1.71 2.02 2/909 48928
00:58:44 1.02 1.68 2.00 2/909 48934
00:58:54 1.01 1.66 1.99 2/909 48940
00:59:04 1.01 1.64 1.98 2/908 48946
00:59:14 1.01 1.62 1.97 2/908 48990
00:59:24 1.01 1.60 1.96 2/908 49034
00:59:34 1.01 1.58 1.95 2/907 49040
00:59:44 1.00 1.56 1.94 2/909 49048
00:59:54 1.00 1.54 1.93 2/909 49320
01:00:04 1.00 1.52 1.92 2/911 49332
01:00:14 1.00 1.50 1.91 2/943 49442
01:00:24 1.00 1.49 1.90 2/911 49488
01:00:34 1.00 1.47 1.89 2/909 49494
01:00:44 1.00 1.45 1.88 2/909 49568
01:00:54 1.00 1.44 1.87 3/909 49574
01:01:04 1.00 1.42 1.86 2/909 49878
01:01:14 1.00 1.41 1.85 3/909 49922
01:01:24 1.00 1.39 1.84 2/909 49966
01:01:34 1.00 1.38 1.83 2/909 49972
01:01:44 1.00 1.37 1.82 2/909 49978
01:01:54 1.00 1.36 1.81 2/909 50084
01:02:04 1.00 1.34 1.80 2/911 50092
01:02:14 1.00 1.33 1.79 2/912 50189
01:02:24 1.00 1.32 1.78 2/911 50233
01:02:34 1.00 1.31 1.77 2/911 50239
01:02:44 1.00 1.30 1.77 3/911 50345
01:02:54 1.00 1.29 1.76 2/911 50351
01:03:04 1.00 1.28 1.75 2/911 50359
01:03:14 1.00 1.27 1.74 2/911 50403
01:03:24 1.00 1.26 1.73 2/911 50447
01:03:34 1.00 1.25 1.72 2/943 51098
01:03:44 3.14 1.72 1.87 2/911 51106
01:03:54 2.81 1.69 1.86 34/943 51220
01:04:04 2.53 1.67 1.85 2/911 51261
01:04:14 2.29 1.65 1.84 2/911 51302
01:04:24 2.09 1.62 1.83 2/912 51490
01:04:34 1.93 1.60 1.82 2/913 51497
01:04:44 2.34 1.70 1.85 8/942 52067
01:04:54 3.39 1.95 1.93 2/910 52075
01:05:04 3.02 1.92 1.92 28/942 52225
01:05:14 2.71 1.89 1.91 4/910 52271
01:05:24 2.45 1.86 1.90 2/911 52538
01:05:34 2.22 1.83 1.89 2/909 52545
01:05:44 2.04 1.81 1.88 2/941 52833
01:05:54 3.87 2.22 2.01 2/941 53014
01:06:04 3.42 2.18 2.00 2/941 53020
01:06:14 3.05 2.14 1.99 2/941 53103
01:06:24 2.74 2.10 1.98 2/942 53225
01:06:34 2.47 2.06 1.97 2/942 53231
01:06:45 2.24 2.03 1.96 2/942 53237
01:06:55 2.05 1.99 1.95 2/942 53243
01:07:05 1.89 1.96 1.94 2/942 53283
01:07:15 1.75 1.93 1.93 2/942 53289
01:07:25 1.64 1.90 1.92 2/942 53333
01:07:35 1.54 1.87 1.91 2/941 53339
01:07:45 1.45 1.84 1.90 2/940 53345
01:07:55 1.54 1.84 1.90 2/940 53351
01:08:05 1.46 1.82 1.89 2/940 53359
01:08:15 1.39 1.79 1.88 2/908 53367
01:08:25 1.33 1.76 1.87 2/908 53411
01:08:35 1.28 1.74 1.86 2/908 53417
01:08:45 1.23 1.71 1.85 2/908 53423
01:08:55 1.20 1.69 1.84 2/908 53429
01:09:05 1.17 1.66 1.83 3/908 53435
01:09:15 1.14 1.64 1.82 2/908 53441
01:09:25 1.12 1.62 1.81 2/908 53485
01:09:35 1.10 1.60 1.80 3/908 53491
01:09:45 1.08 1.58 1.79 2/908 53497
01:09:55 1.07 1.56 1.78 2/908 53503
01:10:05 1.06 1.54 1.77 2/907 53513
01:10:15 1.05 1.52 1.77 2/907 53519
01:10:25 1.04 1.50 1.76 2/908 53564
01:10:35 1.04 1.49 1.75 2/908 53570
01:10:45 1.03 1.47 1.74 2/908 53576
01:10:55 1.02 1.45 1.73 2/907 53582
01:11:05 1.02 1.44 1.72 2/907 53588
01:11:15 1.02 1.42 1.71 2/907 53594
01:11:25 1.01 1.41 1.71 5/911 53602
01:11:35 1.08 1.41 1.70 2/907 53642
01:11:45 1.07 1.40 1.70 2/907 53648
01:11:55 1.06 1.38 1.69 2/907 53654
01:12:05 1.05 1.37 1.68 2/908 53661
01:12:15 1.04 1.36 1.67 2/908 53667
01:12:25 1.18 1.38 1.68 2/907 53673
01:12:35 1.14 1.36 1.67 2/907 53717
01:12:45 1.12 1.35 1.66 2/907 53723
01:12:55 1.10 1.34 1.65 2/907 53729
01:13:05 1.08 1.32 1.64 2/907 53735
01:13:15 1.07 1.31 1.63 2/907 53743
01:13:25 1.06 1.30 1.63 2/907 53749
01:13:35 1.05 1.29 1.62 2/907 53793
01:13:45 1.04 1.28 1.61 2/907 53799
01:13:55 1.04 1.27 1.61 2/907 53805
01:14:05 1.03 1.26 1.60 2/907 53811
01:14:15 1.02 1.25 1.59 2/907 53817
01:14:25 1.02 1.24 1.59 2/907 53823
01:14:35 1.02 1.24 1.58 2/907 53867
01:14:45 1.01 1.23 1.57 2/907 53873
01:14:55 1.01 1.22 1.57 2/907 53879
01:15:05 1.01 1.21 1.56 2/907 53888
01:15:15 1.01 1.20 1.55 2/907 53894
01:15:25 1.01 1.20 1.55 2/907 53900
01:15:35 1.00 1.19 1.54 2/908 54025
01:15:45 1.00 1.18 1.53 2/908 54031
01:15:55 1.00 1.18 1.53 2/907 54037
01:16:05 1.00 1.17 1.52 2/907 54043
01:16:15 1.00 1.16 1.52 2/907 54049
01:16:25 1.00 1.16 1.51 2/907 54055
01:16:35 1.00 1.15 1.50 2/907 54137
01:16:45 1.00 1.15 1.50 3/907 54143
01:16:55 1.00 1.14 1.49 2/906 54149
01:17:05 1.00 1.14 1.49 2/905 54158
01:17:15 1.00 1.13 1.48 2/905 54164
01:17:25 1.00 1.13 1.47 2/905 54170
01:17:35 1.00 1.12 1.47 2/905 54252
01:17:45 1.00 1.12 1.46 2/905 54258
01:17:55 1.00 1.11 1.46 2/905 54264
01:18:05 1.00 1.11 1.45 2/905 54270
01:18:15 1.00 1.11 1.45 2/905 54276
01:18:25 1.00 1.10 1.44 2/905 54284
01:18:35 1.00 1.10 1.44 2/905 54363
01:18:45 1.00 1.09 1.43 2/906 54370
01:18:55 1.00 1.09 1.43 2/906 54376
01:19:05 1.00 1.09 1.42 2/906 54382
01:19:15 1.07 1.10 1.42 2/906 54388
01:19:25 1.06 1.10 1.42 2/906 54394
01:19:35 1.05 1.09 1.41 2/906 54476
01:19:45 1.04 1.09 1.41 2/906 54482
01:19:55 1.04 1.08 1.40 3/906 54488
01:20:05 1.03 1.08 1.40 2/909 54501
01:20:15 1.02 1.08 1.39 2/909 54507
01:20:25 1.02 1.08 1.39 2/909 54513
01:20:35 1.02 1.07 1.38 2/909 54595
01:20:45 1.01 1.07 1.38 2/908 54601
01:20:55 1.01 1.07 1.37 2/908 54607
01:21:05 1.01 1.06 1.37 2/908 54613
01:21:15 1.01 1.06 1.36 2/908 54619
01:21:25 1.01 1.06 1.36 2/908 54625
01:21:35 1.00 1.06 1.36 2/909 54708
01:21:45 1.00 1.05 1.35 2/909 54714
01:21:55 1.00 1.05 1.35 2/909 54720
01:22:05 1.00 1.05 1.34 2/910 54727
01:22:15 1.00 1.05 1.34 2/910 54733
01:22:25 1.00 1.05 1.34 2/909 54739
01:22:35 1.00 1.04 1.33 2/911 54823
01:22:45 1.00 1.04 1.33 2/911 54829
01:22:55 1.00 1.04 1.33 2/911 54835
01:23:05 1.00 1.04 1.32 2/911 54841
01:23:15 1.00 1.04 1.32 2/911 54847
01:23:25 1.00 1.04 1.31 2/913 54855
01:23:35 1.00 1.03 1.31 2/911 54937
01:23:45 1.00 1.03 1.31 2/911 54943
01:23:55 1.00 1.03 1.30 2/911 54949
01:24:05 1.00 1.03 1.30 2/911 54955
01:24:15 1.00 1.03 1.29 4/911 54961
01:24:25 1.00 1.03 1.29 2/911 54967
01:24:35 1.00 1.03 1.29 2/911 55049
01:24:45 1.00 1.02 1.28 2/911 55055
01:24:55 1.00 1.02 1.28 2/911 55061
01:25:05 1.00 1.02 1.27 3/910 55070
01:25:15 1.00 1.02 1.27 2/908 55076
01:25:25 1.00 1.02 1.27 2/908 55082
01:25:35 1.08 1.04 1.27 2/909 55203
01:25:45 1.07 1.03 1.27 2/909 55209
01:25:55 1.06 1.03 1.27 2/909 55212
01:26:05 1.05 1.03 1.26 2/909 55218
01:26:15 1.04 1.03 1.26 2/909 55224
01:26:25 1.03 1.03 1.26 3/909 55230
01:26:35 1.03 1.03 1.25 2/911 55352
01:26:45 1.02 1.03 1.25 2/910 55358
01:26:55 1.02 1.02 1.25 2/910 55364
01:27:05 1.02 1.02 1.24 2/910 55370
01:27:15 1.01 1.02 1.24 2/910 55376
01:27:25 1.01 1.02 1.24 2/910 55382
01:27:35 1.01 1.02 1.24 3/911 55466
01:27:45 1.01 1.02 1.23 2/909 55508
01:27:55 1.00 1.02 1.23 2/909 55514
01:28:05 1.00 1.02 1.23 2/908 55520
01:28:15 1.00 1.02 1.22 2/908 55526
01:28:25 1.00 1.02 1.22 2/908 55532
01:28:35 1.00 1.02 1.22 2/910 55618
01:28:45 1.00 1.01 1.22 2/911 55663
01:28:55 1.00 1.01 1.21 2/911 55669
01:29:05 1.00 1.01 1.21 2/910 55675
01:29:15 1.07 1.03 1.21 2/910 55681
01:29:25 1.06 1.03 1.21 2/910 55687
01:29:35 1.13 1.04 1.21 2/910 55769
01:29:45 1.11 1.04 1.21 2/911 55814
01:29:55 1.09 1.04 1.21 2/911 55820
01:30:05 1.08 1.04 1.20 2/913 55832
01:30:15 1.07 1.04 1.20 2/914 55839
01:30:25 1.06 1.03 1.20 2/914 55845
01:30:35 1.05 1.03 1.19 2/915 55928
01:30:45 1.04 1.03 1.19 2/915 55972
01:30:55 1.03 1.03 1.19 2/915 55978
01:31:05 1.03 1.03 1.19 2/915 55984
01:31:15 1.02 1.03 1.18 2/914 55990
01:31:25 1.02 1.03 1.18 2/914 55996
01:31:36 1.02 1.02 1.18 3/918 56075
01:31:46 1.01 1.02 1.18 2/915 56123
01:31:56 1.01 1.02 1.17 2/913 56129
01:32:06 1.01 1.02 1.17 2/914 56136
01:32:16 1.01 1.02 1.17 2/914 56142
01:32:26 1.00 1.02 1.17 2/913 56148
01:32:36 1.00 1.02 1.17 2/913 56192
01:32:46 1.00 1.02 1.16 2/913 56274
01:32:56 1.00 1.02 1.16 2/913 56280
01:33:06 1.00 1.02 1.16 2/913 56283
01:33:16 1.00 1.01 1.16 2/913 56289
01:33:26 1.00 1.01 1.16 2/913 56295
01:33:36 1.00 1.01 1.16 2/914 56342
01:33:46 1.00 1.01 1.15 2/914 56425
01:33:56 1.00 1.01 1.15 2/913 56431
01:34:06 1.00 1.01 1.15 2/912 56437
01:34:16 1.00 1.01 1.15 2/912 56443
01:34:26 1.00 1.01 1.15 2/912 56449
01:34:36 1.00 1.01 1.14 2/912 56493
01:34:46 1.00 1.01 1.14 2/912 56575
01:34:56 1.00 1.00 1.14 2/911 56581
01:35:06 1.00 1.00 1.14 2/911 56590
01:35:16 1.00 1.00 1.14 2/911 56596
01:35:26 1.00 1.00 1.13 2/911 56602
01:35:36 1.00 1.00 1.13 2/909 56646
01:35:46 1.00 1.00 1.13 2/910 56809
01:35:56 1.00 1.00 1.13 2/910 56815
01:36:06 1.00 1.00 1.13 2/909 56821
01:36:16 1.00 1.00 1.12 2/909 56827
01:36:26 1.00 1.00 1.12 2/941 56867
01:36:36 1.00 1.00 1.12 2/941 56911
01:36:46 1.00 1.00 1.12 2/941 57031
01:36:56 1.00 1.00 1.12 2/941 57037
01:37:06 1.00 1.00 1.11 2/941 57043
01:37:16 1.00 1.00 1.11 2/940 57049
01:37:26 1.00 1.00 1.11 2/940 57055
01:37:36 1.00 1.00 1.11 2/941 57134
01:37:46 1.00 1.00 1.11 2/942 57255
01:37:56 1.00 1.00 1.10 3/942 57261
01:38:06 1.08 1.02 1.11 2/942 57267
01:38:16 1.07 1.02 1.11 2/942 57273
01:38:26 1.06 1.01 1.10 2/942 57279
01:38:36 1.05 1.01 1.10 2/942 57325
01:38:46 1.12 1.03 1.11 2/941 57480
01:38:56 1.10 1.03 1.10 2/941 57486
01:39:06 1.08 1.03 1.10 2/941 57492
01:39:16 1.07 1.03 1.10 2/941 57498
01:39:26 1.06 1.03 1.10 2/941 57504
01:39:36 1.05 1.02 1.10 2/941 57548
01:39:46 1.04 1.02 1.09 2/941 57668
01:39:56 1.04 1.02 1.09 2/941 57674
01:40:06 1.03 1.02 1.09 2/944 57721
01:40:16 1.02 1.02 1.09 2/944 57724
01:40:26 1.02 1.02 1.09 2/944 57730
01:40:36 1.02 1.02 1.09 2/944 57774
01:40:46 1.01 1.02 1.09 2/945 57895
01:40:56 1.01 1.02 1.09 2/945 57901
01:41:06 1.01 1.02 1.08 2/944 57907
01:41:16 3.33 1.50 1.24 10/944 58854
01:41:26 4.15 1.74 1.32 3/944 58860
01:41:36 3.66 1.72 1.32 3/912 59844
01:41:46 5.10 2.10 1.45 28/951 60083
01:41:56 4.47 2.06 1.44 2/914 60164
01:42:06 3.93 2.03 1.44 2/916 60211
01:42:16 3.48 1.99 1.43 2/916 60255
01:42:26 3.10 1.96 1.43 2/915 60261
01:42:36 2.78 1.93 1.43 2/915 60267
01:42:46 2.50 1.90 1.42 2/914 60273
01:42:56 2.27 1.87 1.42 2/914 60279
01:43:06 2.08 1.84 1.41 2/914 60285
01:43:16 1.91 1.81 1.41 2/914 60329
01:43:26 1.77 1.78 1.40 3/914 60335
01:43:36 1.65 1.76 1.40 2/914 60343
01:43:46 1.55 1.73 1.39 2/913 60349
01:43:56 1.46 1.71 1.39 2/913 60355
01:44:06 1.39 1.68 1.38 2/913 60361
01:44:16 1.33 1.66 1.38 2/913 60405
01:44:26 1.28 1.64 1.37 2/913 60411
01:44:36 1.24 1.62 1.37 2/913 60417
01:44:46 1.20 1.60 1.36 2/913 60423
01:44:56 1.17 1.58 1.36 2/912 60429
01:45:06 1.14 1.56 1.35 2/912 60438
01:45:16 1.12 1.54 1.35 2/913 60483
01:45:26 1.10 1.52 1.35 2/910 60489
01:45:36 1.08 1.50 1.34 2/909 60495
01:45:46 1.07 1.48 1.34 3/909 60501
01:45:56 1.06 1.47 1.33 2/908 60507
01:46:06 1.05 1.45 1.33 2/908 60513
01:46:16 1.04 1.44 1.33 3/908 60557
01:46:26 1.04 1.42 1.32 2/908 60563
01:46:36 1.03 1.41 1.32 2/908 60569
01:46:46 1.02 1.39 1.31 2/908 60575
01:46:56 1.02 1.38 1.31 2/908 60581
01:47:06 1.02 1.37 1.31 2/907 60587
01:47:16 1.01 1.35 1.30 2/906 60628
01:47:26 1.01 1.34 1.30 2/906 60634
01:47:36 1.01 1.33 1.30 2/906 60640
01:47:46 1.01 1.32 1.29 2/905 60646
01:47:56 1.01 1.31 1.29 2/905 60652
01:48:06 1.00 1.30 1.28 2/905 60658
01:48:16 1.00 1.29 1.28 2/908 60713
01:48:26 1.00 1.28 1.28 2/908 60719
01:48:36 1.00 1.27 1.27 2/907 60725
01:48:46 1.00 1.26 1.27 2/907 60733
01:48:56 1.00 1.25 1.27 2/907 60739
01:49:06 1.00 1.24 1.26 2/907 60745
01:49:16 1.00 1.23 1.26 2/908 60790
01:49:26 1.00 1.22 1.26 2/908 60796
01:49:36 1.00 1.22 1.25 2/908 60802
01:49:46 1.00 1.21 1.25 2/908 60808
01:49:56 1.00 1.20 1.25 2/908 60814
01:50:06 1.15 1.23 1.26 2/911 60827
01:50:16 1.12 1.22 1.25 2/911 60871
01:50:26 1.10 1.21 1.25 2/911 60877
01:50:36 1.09 1.20 1.25 2/911 60883
01:50:46 1.07 1.20 1.25 2/910 60889
01:50:56 1.06 1.19 1.24 2/910 60895
01:51:06 1.05 1.18 1.24 2/910 60901
01:51:16 1.04 1.18 1.24 2/910 60945
01:51:26 1.04 1.17 1.23 2/910 60951
01:51:36 1.03 1.16 1.23 2/910 60957
01:51:46 1.02 1.16 1.23 2/910 60963
01:51:56 1.02 1.15 1.22 2/910 60969
01:52:06 1.02 1.15 1.22 2/911 60976
01:52:16 1.01 1.14 1.22 2/911 61020
01:52:26 1.08 1.15 1.22 2/912 61147
01:52:36 1.07 1.15 1.22 2/912 61153
01:52:46 1.06 1.14 1.22 3/912 61159
01:52:56 1.05 1.14 1.21 2/912 61165
01:53:06 1.04 1.13 1.21 2/912 61171
01:53:16 1.04 1.13 1.21 2/912 61216
01:53:26 1.03 1.12 1.20 2/912 61260
01:53:36 1.02 1.12 1.20 2/911 61266
01:53:46 1.02 1.11 1.20 2/911 61272
01:53:56 1.02 1.11 1.20 2/911 61280
01:54:06 1.01 1.11 1.19 2/911 61286
01:54:16 1.01 1.10 1.19 2/911 61330
01:54:26 1.01 1.10 1.19 2/911 61374
01:54:36 1.01 1.09 1.18 2/910 61380
01:54:46 1.01 1.09 1.18 2/910 61386
01:54:56 1.00 1.09 1.18 2/910 61389
01:55:06 1.00 1.08 1.18 2/911 61399
01:55:16 1.08 1.10 1.18 2/909 61443
01:55:26 1.07 1.09 1.18 2/909 61487
01:55:36 1.06 1.09 1.18 3/909 61493
01:55:46 1.05 1.09 1.17 2/909 61499
01:55:56 1.04 1.08 1.17 2/909 61505
01:56:06 1.03 1.08 1.17 2/908 61511
01:56:16 1.03 1.08 1.17 2/908 61555
01:56:26 1.02 1.07 1.17 2/908 61599
01:56:37 1.02 1.07 1.16 2/908 61605
01:56:47 1.02 1.07 1.16 2/908 61611
01:56:57 1.01 1.07 1.16 2/908 61617
01:57:07 1.01 1.06 1.16 2/908 61623
01:57:17 1.01 1.06 1.16 2/909 61668
01:57:27 1.01 1.06 1.16 2/909 61712
01:57:37 1.01 1.06 1.15 2/909 61718
01:57:47 1.00 1.05 1.15 2/909 61724
01:57:57 1.00 1.05 1.15 2/908 61731
01:58:07 1.00 1.05 1.15 2/908 61737
01:58:17 1.00 1.05 1.15 2/908 61781
01:58:27 1.16 1.08 1.15 2/907 61825
01:58:37 1.14 1.08 1.15 3/907 61831
01:58:47 1.11 1.07 1.15 2/907 61837
01:58:57 1.10 1.07 1.15 2/907 61845
01:59:07 1.08 1.07 1.15 2/907 61851
01:59:17 1.07 1.06 1.14 2/908 61896
01:59:27 1.06 1.06 1.14 3/909 61941
01:59:37 1.05 1.06 1.14 2/909 61947
01:59:47 1.04 1.06 1.14 2/909 61953
01:59:57 1.03 1.05 1.14 2/909 61959
02:00:07 1.03 1.05 1.14 2/911 61972
02:00:17 1.02 1.05 1.13 2/911 62016
02:00:27 1.02 1.05 1.13 2/911 62060
02:00:37 1.02 1.05 1.13 2/911 62066
02:00:47 1.01 1.04 1.13 2/911 62072
02:00:57 1.01 1.04 1.13 2/911 62078
02:01:07 1.01 1.04 1.12 2/911 62084
02:01:17 1.01 1.04 1.12 3/912 62091
02:01:27 1.00 1.04 1.12 2/912 62173
02:01:37 1.00 1.04 1.12 2/912 62179
02:01:47 1.00 1.03 1.12 2/912 62185
02:01:57 1.00 1.03 1.11 2/912 62191
02:02:07 1.00 1.03 1.11 2/913 62222
02:02:17 1.00 1.03 1.11 2/913 62229
02:02:27 1.00 1.03 1.11 2/914 62336
02:02:37 1.00 1.03 1.11 2/914 62380
02:02:47 1.00 1.03 1.10 2/913 62386
02:02:57 1.00 1.02 1.10 2/913 62392
02:03:07 1.00 1.02 1.10 2/913 62398
02:03:17 1.00 1.02 1.10 2/913 62404
02:03:27 1.00 1.02 1.10 2/913 62486
02:03:37 1.00 1.02 1.09 3/913 62530
02:03:47 1.00 1.02 1.09 2/913 62536
02:03:57 1.00 1.02 1.09 3/913 62542
02:04:07 1.00 1.02 1.09 2/913 62550
02:04:17 1.00 1.02 1.09 2/913 62556
02:04:27 1.00 1.02 1.09 2/914 62636
02:04:37 1.00 1.01 1.09 2/912 62682
02:04:47 1.00 1.01 1.09 2/912 62688
02:04:57 1.00 1.01 1.08 3/912 62694
02:05:07 1.00 1.01 1.08 2/911 62703
02:05:17 1.00 1.01 1.08 3/911 62709
02:05:27 1.00 1.01 1.08 2/911 62753
02:05:37 1.00 1.01 1.08 2/908 62835
02:05:47 1.00 1.01 1.08 2/907 62841
02:05:57 1.00 1.01 1.08 2/907 62847
02:06:07 1.00 1.01 1.08 2/907 62853
02:06:17 1.00 1.00 1.08 2/907 62859
02:06:27 1.00 1.00 1.08 28/1029 63664
02:06:37 1.00 1.00 1.07 9/940 63920
02:06:47 1.00 1.00 1.07 2/940 63926
02:06:57 1.00 1.00 1.07 19/940 64865
02:07:07 4.99 1.86 1.35 2/940 64871
02:07:17 4.38 1.83 1.35 3/908 65777
02:07:27 5.38 2.12 1.45 28/940 65854
02:07:37 5.44 2.24 1.49 2/941 65937
02:07:47 7.23 2.72 1.66 2/939 66876
02:07:57 9.23 3.30 1.86 2/939 66882
02:08:07 7.89 3.21 1.84 1/905 66888
02:08:17 6.67 3.10 1.82 1/905 66894
02:08:27 5.65 3.00 1.80 1/906 66977
02:08:37 4.78 2.90 1.78 2/920 67209
02:08:47 4.20 2.84 1.77 2/920 67215
02:08:57 3.71 2.78 1.77 2/924 67225
02:09:07 3.29 2.72 1.76 2/925 67232
02:09:17 2.94 2.66 1.75 2/925 67237
02:09:27 2.64 2.60 1.74 2/925 67243
02:09:37 2.39 2.55 1.73 2/925 67249
02:09:47 2.17 2.50 1.72 2/925 67255
02:09:57 1.99 2.45 1.71 2/925 67261
02:10:07 1.84 2.40 1.71 3/927 67273
02:10:17 1.71 2.36 1.70 2/927 67279
02:10:27 1.60 2.31 1.69 2/927 67285
02:10:37 1.51 2.27 1.68 2/924 67291
02:10:47 1.43 2.22 1.68 2/924 67297
02:10:57 1.36 2.18 1.67 2/924 67303
02:11:07 1.31 2.14 1.66 3/924 67309
02:11:17 1.26 2.11 1.65 2/924 67315
02:11:27 1.22 2.07 1.64 2/924 67321
02:11:37 1.18 2.03 1.64 3/923 67327
02:11:47 1.08 1.98 1.62 1/910 67355
02:11:57 2.18 2.18 1.69 13/944 68173
02:12:07 4.93 2.78 1.89 29/947 69539
02:12:17 7.01 3.30 2.07 2/948 70110
02:12:27 6.16 3.24 2.07 25/947 73095
02:12:37 6.86 3.48 2.16 27/947 73666
02:12:47 8.31 3.92 2.32 4/947 74236
02:12:57 7.78 3.96 2.35 4/947 74806
02:13:07 8.90 4.31 2.48 2/915 75524
02:13:17 8.96 4.46 2.55 12/947 76381
02:13:27 7.74 4.35 2.53 5/947 76951
02:13:37 10.65 5.08 2.79 2/947 77662
02:13:47 12.07 5.57 2.97 27/944 78232
02:13:57 11.40 5.65 3.03 2/943 78658
02:14:07 9.88 5.51 3.01 2/944 78842
02:14:17 8.51 5.36 2.99 2/944 78986
02:14:27 7.36 5.22 2.96 2/944 79132
02:14:37 6.38 5.08 2.94 3/944 79276
02:14:47 6.07 5.06 2.96 3/944 79420
02:14:57 7.42 5.40 3.09 2/944 81076
02:15:07 6.44 5.25 3.07 5/944 81688
02:15:17 5.60 5.11 3.05 2/912 84062
02:15:27 5.33 5.08 3.06 27/942 84868
02:15:37 4.67 4.94 3.04 2/909 85614
02:15:47 7.30 5.50 3.24 32/941 86314
02:15:57 9.29 5.98 3.42 29/941 87088
02:16:07 10.87 6.43 3.59 15/942 87698
02:16:17 9.35 6.25 3.56 25/942 88392
02:16:27 7.99 6.06 3.53 2/942 88907
02:16:37 11.05 6.78 3.79 2/942 89645
02:16:47 12.98 7.33 4.01 2/942 90227
02:16:57 11.54 7.21 4.00 32/942 90656
02:17:07 13.51 7.77 4.22 16/943 91766
02:17:17 14.15 8.08 4.36 29/943 92336
02:17:27 12.13 7.85 4.32 2/911 95150
02:17:37 10.42 7.62 4.28 9/941 97580
02:17:47 10.89 7.80 4.38 2/941 98214
02:17:57 9.37 7.58 4.34 2/941 99040
02:18:07 8.08 7.36 4.31 2/941 101171
02:18:17 8.76 7.52 4.39 30/941 102694
02:18:27 9.80 7.78 4.51 24/941 103264
02:18:37 12.19 8.36 4.73 21/941 103834
02:18:47 10.98 8.24 4.73 2/943 104017
02:18:57 9.45 8.00 4.69 2/943 104023
02:19:07 8.15 7.77 4.65 2/943 104067
02:19:17 7.05 7.54 4.61 2/942 104073
02:19:27 6.12 7.33 4.57 2/942 104081
02:19:37 5.33 7.12 4.53 2/942 104087
02:19:47 4.66 6.92 4.49 2/942 104131
02:19:57 4.10 6.72 4.46 2/942 104171
02:20:07 3.62 6.53 4.42 2/942 104182
02:20:17 3.22 6.35 4.38 2/943 104189
02:20:27 2.88 6.17 4.34 2/943 104195
02:20:37 2.59 6.00 4.31 2/943 104239
02:20:47 2.34 5.84 4.27 2/943 104245
02:20:57 2.14 5.68 4.24 2/943 104251
02:21:07 1.96 5.52 4.20 2/943 104291
02:21:17 1.81 5.37 4.17 2/943 104335
02:21:28 1.69 5.23 4.13 2/943 104341
02:21:38 1.58 5.09 4.10 3/942 104347
02:21:48 1.49 4.95 4.06 2/942 104353
02:21:58 1.42 4.82 4.03 2/942 104359
02:22:08 1.35 4.70 4.00 3/943 104404
02:22:18 1.30 4.57 3.97 3/943 104444
02:22:28 1.25 4.46 3.93 2/941 104450
02:22:38 1.21 4.34 3.90 2/941 104456
02:22:48 1.18 4.23 3.87 2/941 104500
02:22:58 1.15 4.12 3.84 2/941 104506
02:23:08 1.13 4.02 3.81 2/940 104512
02:23:18 1.11 3.92 3.78 2/940 104518
02:23:28 1.09 3.82 3.75 2/940 104555
02:23:38 1.08 3.73 3.72 2/940 104599
02:23:48 1.06 3.64 3.69 2/938 104605
02:23:58 1.05 3.55 3.66 2/938 104611
02:24:08 1.05 3.47 3.63 2/938 104617
02:24:18 1.04 3.39 3.60 2/938 104661
02:24:28 1.03 3.31 3.57 2/938 104667
02:24:38 1.03 3.23 3.54 2/938 104709
02:24:48 1.02 3.16 3.52 2/938 104715
02:24:58 1.02 3.09 3.49 2/938 104721
02:25:08 1.02 3.02 3.46 2/938 104768
02:25:18 1.01 2.95 3.43 2/937 104774
02:25:28 1.01 2.89 3.41 2/936 104780
02:25:38 1.01 2.82 3.38 2/936 104786
02:25:48 1.01 2.76 3.36 49/1005 105497
02:25:58 1.16 2.74 3.34 27/936 105777
02:26:08 1.13 2.68 3.32 3/936 105783
02:26:18 1.11 2.62 3.29 28/937 106723
02:26:28 1.83 2.73 3.32 2/937 106729
02:26:38 1.70 2.68 3.29 2/905 107673
02:26:48 1.59 2.62 3.27 23/937 107712
02:26:58 1.50 2.57 3.24 2/937 107718
02:27:08 1.43 2.51 3.22 30/937 108657
02:27:18 3.05 2.84 3.32 33/937 108663
02:27:28 2.74 2.78 3.29 2/905 109607
02:27:38 2.47 2.72 3.27 2/938 109686
02:27:48 4.38 3.14 3.40 2/938 109730
02:27:58 3.86 3.06 3.37 2/938 110669
02:28:08 7.12 3.79 3.60 2/939 110714
02:28:18 6.10 3.68 3.57 1/906 110759
02:28:28 5.16 3.56 3.53 2/906 110765
02:28:38 4.37 3.44 3.49 1/906 110771
02:28:48 3.70 3.33 3.46 1/907 110856
02:28:58 3.13 3.22 3.42 1/906 110976
02:29:08 2.65 3.11 3.38 2/906 110982
02:29:18 2.39 3.04 3.35 1/906 111028
02:29:28 2.02 2.94 3.32 1/906 111034
02:29:38 1.71 2.84 3.28 1/906 111040
02:29:48 1.44 2.75 3.25 1/906 111048
02:29:58 1.22 2.66 3.21 1/906 111054
02:30:08 3.60 3.10 3.35 1/908 111254
02:30:18 3.04 3.00 3.31 1/908 111260
02:30:28 2.73 2.93 3.29 2/911 111523
02:30:38 2.46 2.87 3.26 3/912 111567
02:30:48 2.24 2.81 3.24 2/913 111756
02:30:58 2.05 2.75 3.21 2/913 111762
02:31:08 1.89 2.69 3.19 34/947 112162
02:31:18 1.75 2.63 3.16 2/913 112273
02:31:28 1.63 2.58 3.14 2/913 112347
02:31:38 1.54 2.53 3.12 2/913 112621
02:31:48 1.45 2.47 3.09 2/913 112631
02:31:58 1.38 2.43 3.07 2/913 112681
02:32:08 1.32 2.38 3.05 2/915 112733
02:32:18 1.27 2.33 3.03 2/915 112918
02:32:28 1.23 2.29 3.00 2/914 112924
02:32:38 1.20 2.25 2.98 2/914 112934
02:32:48 1.16 2.20 2.96 3/914 112940
02:32:58 1.14 2.16 2.94 2/914 112958
02:33:08 1.12 2.12 2.92 2/914 112968
02:33:18 1.10 2.09 2.90 3/914 113054
02:33:28 1.16 2.07 2.88 2/913 113060
02:33:38 1.14 2.03 2.86 2/913 113066
02:33:48 1.12 2.00 2.84 3/913 113105
02:33:58 1.10 1.96 2.82 2/913 113111
02:34:08 1.08 1.93 2.80 3/913 113117
02:34:18 1.07 1.90 2.78 2/913 113290
02:34:28 1.06 1.87 2.76 3/913 113300
02:34:38 1.05 1.84 2.74 2/913 113318
02:34:48 1.04 1.81 2.72 2/914 113327
02:34:58 1.03 1.79 2.70 2/914 113337
02:35:08 1.26 1.81 2.70 2/921 113585
02:35:18 1.22 1.78 2.68 3/922 113635
02:35:28 1.18 1.76 2.66 2/921 113649
02:35:38 1.15 1.73 2.65 2/916 113702
02:35:48 1.13 1.71 2.63 2/916 113709
02:35:58 1.11 1.68 2.61 2/916 113751
02:36:08 1.09 1.66 2.59 2/915 113893
02:36:18 1.08 1.64 2.57 2/915 113974
02:36:28 1.07 1.62 2.56 2/915 114183
02:36:38 1.06 1.59 2.54 2/915 114191
02:36:48 1.05 1.57 2.52 2/915 114230
02:36:58 1.04 1.56 2.51 2/915 114236
02:37:08 1.03 1.54 2.49 2/915 114370
02:37:18 1.03 1.52 2.47 2/914 114419
02:37:28 1.02 1.50 2.46 2/915 114470
02:37:38 1.02 1.48 2.44 2/915 114476
02:37:48 1.02 1.47 2.42 2/915 114479
02:37:58 1.01 1.45 2.41 3/915 114485
02:38:08 1.01 1.44 2.39 2/915 114491
02:38:18 1.01 1.42 2.38 2/915 114536
02:38:28 1.01 1.41 2.36 2/914 114542
02:38:38 1.00 1.39 2.35 2/914 114548
02:38:48 1.00 1.38 2.33 2/914 114554
02:38:58 1.00 1.37 2.32 2/913 114560
02:39:08 1.00 1.35 2.30 2/913 114566
02:39:18 1.00 1.34 2.29 2/914 114648
02:39:28 1.00 1.33 2.27 2/914 114654
02:39:38 1.00 1.32 2.26 2/914 114660
02:39:48 1.00 1.31 2.25 2/913 114666
02:39:58 1.00 1.30 2.23 2/913 114674
02:40:08 1.00 1.29 2.22 2/915 114686
02:40:18 1.00 1.28 2.21 2/913 114734
02:40:28 1.00 1.27 2.19 2/910 114740
02:40:38 1.00 1.26 2.18 2/910 114746
02:40:48 1.00 1.25 2.17 2/910 114752
02:40:58 1.00 1.24 2.15 2/910 114758
02:41:08 1.00 1.23 2.14 2/910 114933
02:41:18 1.07 1.24 2.13 2/910 115055
02:41:28 1.06 1.23 2.12 2/910 115094
02:41:38 1.05 1.22 2.11 2/910 115100
02:41:48 1.04 1.22 2.09 2/910 115234
02:41:58 1.04 1.21 2.08 2/910 115244
02:42:08 1.03 1.20 2.07 2/912 115334
02:42:18 1.02 1.19 2.06 2/912 115418
02:42:28 1.09 1.20 2.05 3/911 115424
02:42:38 1.08 1.20 2.04 2/910 115463
02:42:48 1.07 1.19 2.03 2/910 115469
02:42:58 1.06 1.18 2.02 2/910 115475
02:43:08 1.05 1.18 2.01 2/910 115641
02:43:18 1.04 1.17 1.99 2/911 115726
02:43:28 1.03 1.16 1.98 2/911 115732
02:43:38 1.03 1.16 1.97 3/911 115738
02:43:48 1.02 1.15 1.96 2/911 115780
02:43:58 1.02 1.15 1.95 2/911 115786
02:44:08 1.02 1.14 1.94 3/911 115792
02:44:18 1.01 1.14 1.93 3/910 115876
02:44:28 1.01 1.13 1.92 2/910 115882
02:44:38 1.01 1.13 1.91 2/910 116028
02:44:48 1.01 1.12 1.90 2/911 116035
02:44:59 1.00 1.12 1.89 2/911 116042
02:45:09 1.00 1.11 1.88 2/911 116097
02:45:19 1.00 1.11 1.87 2/911 116181
02:45:29 1.00 1.11 1.86 2/909 116187
02:45:39 1.00 1.10 1.85 2/909 116229
02:45:49 1.00 1.10 1.84 2/909 116235
02:45:59 1.00 1.09 1.83 2/909 116241
02:46:09 1.00 1.09 1.82 2/909 116387
02:46:19 1.00 1.09 1.81 2/909 116471
02:46:29 1.00 1.08 1.80 2/909 116481
02:46:39 1.00 1.08 1.79 2/909 116487
02:46:49 1.00 1.08 1.79 2/909 116505
02:46:59 1.00 1.07 1.78 2/909 116515
02:47:09 1.00 1.07 1.77 2/909 116562
02:47:19 1.00 1.07 1.76 2/910 116647
02:47:29 1.00 1.07 1.75 2/910 116653
02:47:39 1.00 1.06 1.74 2/909 116692
02:47:49 1.00 1.06 1.73 2/909 116698
02:47:59 1.00 1.06 1.72 2/909 116704
02:48:09 1.00 1.06 1.72 2/909 116838
02:48:19 1.00 1.05 1.71 2/909 116926
02:48:29 1.00 1.05 1.70 3/909 116944
02:48:39 1.00 1.05 1.69 2/909 116950
02:48:49 1.00 1.05 1.68 2/908 116960
02:48:59 1.00 1.05 1.68 3/908 116966
02:49:09 1.00 1.04 1.67 2/908 116972
02:49:19 1.00 1.04 1.66 2/908 117133
02:49:29 1.00 1.04 1.65 2/908 117141
02:49:39 1.00 1.04 1.65 2/908 117178
02:49:49 1.00 1.04 1.64 2/907 117186
02:49:59 1.00 1.03 1.63 2/907 117254
02:50:09 1.00 1.03 1.62 2/908 117360
02:50:19 1.00 1.03 1.62 2/907 117440
02:50:29 1.00 1.03 1.61 2/907 117446
02:50:39 1.00 1.03 1.60 2/907 117545
02:50:49 1.00 1.03 1.60 2/907 117618
02:50:59 1.00 1.03 1.59 3/906 117624
02:51:09 1.00 1.02 1.58 2/906 117630
02:51:19 1.00 1.02 1.58 2/908 117751
02:51:29 1.00 1.02 1.57 2/909 117797
02:51:39 1.00 1.02 1.56 2/909 117803
02:51:49 1.00 1.02 1.56 2/910 117878
02:51:59 1.00 1.02 1.55 2/910 117985
02:52:09 1.00 1.02 1.54 2/911 118020
02:52:19 1.00 1.02 1.54 3/911 118067
02:52:29 1.00 1.02 1.53 3/909 118143
02:52:39 1.00 1.02 1.52 2/909 118275
02:52:49 1.00 1.02 1.52 3/909 118281
02:52:59 1.00 1.01 1.51 3/909 118287
02:53:09 1.00 1.01 1.51 2/909 118326
02:53:19 1.00 1.01 1.50 2/909 118371
02:53:29 1.00 1.01 1.50 3/909 118416
02:53:39 1.00 1.01 1.49 2/909 118422
02:53:49 1.00 1.01 1.48 2/909 118588
02:53:59 1.00 1.01 1.48 2/909 118630
02:54:09 1.00 1.01 1.47 2/909 118805
02:54:19 1.00 1.01 1.47 2/909 118850
02:54:29 1.00 1.01 1.46 2/909 118895
02:54:39 1.00 1.00 1.45 2/909 118934
02:54:49 1.00 1.00 1.45 2/909 118940
02:54:59 1.00 1.00 1.44 2/909 118946
02:55:09 1.00 1.00 1.44 2/909 119112
02:55:19 1.00 1.00 1.43 3/912 119146
02:55:29 1.00 1.00 1.43 2/909 119238
02:55:39 1.00 1.00 1.42 3/909 119244
02:55:49 1.00 1.00 1.42 2/909 119407
02:55:59 1.00 1.00 1.41 3/909 119413
02:56:09 1.00 1.00 1.41 2/909 119419
02:56:19 1.00 1.00 1.41 3/909 119425
02:56:29 1.00 1.00 1.40 2/909 119509
02:56:39 1.00 1.00 1.40 3/909 119548
02:56:49 1.00 1.00 1.39 2/909 119554
02:56:59 1.00 1.00 1.39 2/906 119560
02:57:09 1.00 1.00 1.38 2/906 119566
02:57:19 1.00 1.00 1.38 2/907 119765
02:57:29 1.00 1.00 1.37 2/907 119917
02:57:39 1.00 1.00 1.37 3/907 120223
02:57:49 1.00 1.00 1.36 2/907 120229
02:57:59 1.00 1.00 1.36 2/908 120236
02:58:09 1.00 1.00 1.35 3/908 120242
02:58:19 1.00 1.00 1.35 2/908 120284
02:58:29 1.00 1.00 1.35 3/908 120368
02:58:39 1.00 1.00 1.34 2/908 120374
02:58:49 1.00 1.00 1.34 2/908 120380
02:58:59 1.00 1.00 1.33 2/908 120558
02:59:09 1.00 1.00 1.33 2/908 120595
02:59:19 1.00 1.00 1.33 2/908 120742
02:59:29 1.00 1.00 1.32 2/908 120827
02:59:39 1.00 1.00 1.32 2/908 120837
02:59:49 1.07 1.02 1.32 2/908 121015
02:59:59 1.06 1.02 1.32 2/908 121021
03:00:09 1.13 1.03 1.32 2/910 121309
03:00:19 1.11 1.03 1.31 2/910 121317
03:00:29 1.09 1.03 1.31 2/909 121401
03:00:39 1.08 1.03 1.31 2/909 121407
03:00:49 1.07 1.03 1.30 2/908 121577
03:00:59 1.06 1.03 1.30 2/908 121583
03:01:09 1.05 1.02 1.29 2/908 121589
03:01:19 1.04 1.02 1.29 2/908 121595
03:01:29 1.03 1.02 1.29 3/909 121760
03:01:39 1.03 1.02 1.28 3/909 121766
03:01:49 1.02 1.02 1.28 2/909 122424
03:01:59 1.02 1.02 1.28 3/909 122434
03:02:09 1.02 1.02 1.27 2/911 122515
03:02:19 1.01 1.02 1.27 2/911 122557
03:02:29 1.01 1.02 1.27 2/911 122872
03:02:39 1.01 1.02 1.26 2/911 122878
03:02:49 1.01 1.01 1.26 2/911 122917
03:02:59 1.00 1.01 1.26 2/911 122923
03:03:09 1.00 1.01 1.25 2/911 122929
03:03:19 1.00 1.01 1.25 2/911 123063
03:03:29 1.00 1.01 1.25 3/916 123181
03:03:39 1.00 1.01 1.25 2/911 123236
03:03:49 1.00 1.01 1.24 2/911 123242
03:03:59 1.00 1.01 1.24 2/911 123248
03:04:09 1.00 1.01 1.24 2/911 123287
03:04:19 1.00 1.01 1.23 2/911 123293
03:04:29 1.00 1.00 1.23 2/911 123533
03:04:39 1.00 1.00 1.23 3/911 123578
03:04:49 1.00 1.00 1.22 2/911 123584
03:04:59 1.00 1.00 1.22 2/911 123622
03:05:09 1.00 1.00 1.22 2/909 123632
03:05:19 1.00 1.00 1.22 2/909 123638
03:05:29 1.64 1.13 1.26 2/909 123980
03:05:39 3.86 1.61 1.41 2/908 124156
03:05:49 3.42 1.59 1.40 33/940 124552
03:05:59 4.23 1.83 1.49 2/908 124758
03:06:09 3.73 1.80 1.48 2/908 124761
03:06:19 3.31 1.78 1.47 2/908 124767
03:06:29 2.96 1.75 1.47 2/910 124929
03:06:39 2.65 1.72 1.46 2/910 124973
03:06:49 2.40 1.70 1.46 2/909 124979
03:06:59 2.18 1.68 1.45 2/909 124985
03:07:09 2.00 1.65 1.45 2/909 124991
03:07:19 1.85 1.63 1.44 2/908 124997
03:07:29 1.72 1.61 1.44 2/908 125003
03:07:39 1.61 1.59 1.43 2/908 125047
03:07:49 1.51 1.57 1.43 3/907 125053
03:07:59 1.43 1.55 1.42 2/907 125059
03:08:09 1.37 1.53 1.42 2/907 125065
03:08:19 1.31 1.51 1.41 2/907 125071
03:08:30 1.26 1.50 1.41 2/907 125077
03:08:40 1.22 1.48 1.40 2/907 125121
03:08:50 1.19 1.46 1.40 3/907 125127
03:09:00 1.16 1.45 1.39 2/906 125133
03:09:10 1.13 1.43 1.39 2/906 125139
03:09:20 1.11 1.42 1.38 2/906 125145
03:09:30 1.09 1.40 1.38 2/906 125151
03:09:40 1.08 1.39 1.37 2/907 125196
03:09:50 1.07 1.38 1.37 2/908 125203
03:10:00 1.06 1.36 1.36 2/908 125209
03:10:10 1.05 1.35 1.36 2/910 125223
03:10:20 1.04 1.34 1.36 2/910 125229
03:10:30 1.03 1.33 1.35 2/910 125237
03:10:40 1.69 1.46 1.40 2/910 125281
03:10:50 1.58 1.45 1.39 2/910 125287
03:11:00 1.49 1.43 1.39 2/910 125293
03:11:10 1.42 1.42 1.38 2/910 125299
03:11:20 1.35 1.40 1.38 2/910 125305
03:11:30 1.30 1.39 1.37 2/910 125311
03:11:40 1.25 1.38 1.37 2/908 125435
03:11:50 1.21 1.36 1.36 2/908 125441
03:12:00 1.18 1.35 1.36 2/908 125447
03:12:10 1.15 1.34 1.35 2/909 125454
03:12:20 1.13 1.33 1.35 2/908 125460
03:12:30 1.11 1.32 1.35 2/908 125466
03:12:40 1.09 1.31 1.34 2/910 125550
03:12:50 1.08 1.29 1.34 2/910 125556
03:13:00 1.06 1.28 1.33 2/910 125562
03:13:10 1.05 1.27 1.33 2/911 125569
03:13:20 1.05 1.27 1.33 2/911 125572
03:13:30 1.04 1.26 1.32 2/911 125578
03:13:40 1.03 1.25 1.32 2/911 125660
03:13:50 1.03 1.24 1.31 3/911 125666
03:14:00 1.02 1.23 1.31 2/911 125672
03:14:10 1.02 1.22 1.31 2/911 125678
03:14:20 1.02 1.21 1.30 2/911 125684
03:14:30 1.01 1.21 1.30 2/911 125690
03:14:40 1.01 1.20 1.30 2/911 125772
03:14:50 1.01 1.19 1.29 2/911 125778
03:15:00 1.01 1.19 1.29 2/910 125784
03:15:10 1.00 1.18 1.28 2/910 125793
03:15:20 1.00 1.17 1.28 2/910 125799
03:15:30 1.00 1.17 1.28 2/910 125807
03:15:40 1.00 1.16 1.27 2/908 125889
03:15:50 1.00 1.15 1.27 2/908 125895
03:16:00 1.00 1.15 1.27 3/908 125901
03:16:10 1.00 1.14 1.26 2/908 125907
03:16:20 1.00 1.14 1.26 2/908 125913
03:16:30 1.00 1.13 1.26 2/908 125919
03:16:40 1.00 1.13 1.25 2/908 126001
03:16:50 1.00 1.12 1.25 3/908 126473
03:17:00 1.00 1.12 1.25 2/908 126479
03:17:10 1.00 1.11 1.25 2/907 126488
03:17:20 1.00 1.11 1.24 2/907 126494
03:17:30 1.00 1.11 1.24 2/907 126500
03:17:40 1.00 1.10 1.24 2/908 126584
03:17:50 1.00 1.10 1.23 2/908 126590
03:18:00 1.00 1.10 1.23 2/908 126596
03:18:10 1.00 1.09 1.23 2/907 126602
03:18:20 1.00 1.09 1.22 2/907 126608
03:18:30 1.00 1.08 1.22 2/907 126614
03:18:40 1.00 1.08 1.22 2/908 126697
03:18:50 1.00 1.08 1.22 2/908 126703
03:19:00 1.00 1.08 1.21 2/908 126709
03:19:10 1.00 1.07 1.21 2/908 126715
03:19:20 1.00 1.07 1.21 2/908 126721
03:19:30 1.00 1.07 1.20 2/908 126727
03:19:40 1.00 1.06 1.20 2/909 126810
03:19:50 1.00 1.06 1.20 2/909 126816
03:20:00 1.00 1.06 1.20 2/912 126829
03:20:10 1.00 1.06 1.19 2/913 126836
03:20:20 1.00 1.05 1.19 3/913 126839
03:20:30 1.00 1.05 1.19 2/913 126845
03:20:40 1.00 1.05 1.18 2/913 126929
03:20:50 1.00 1.05 1.18 2/913 126935
03:21:00 1.00 1.05 1.18 2/913 126941
03:21:10 1.00 1.04 1.18 2/913 126947
03:21:20 1.00 1.04 1.18 1/912 127610
03:21:30 0.85 1.01 1.16 1/912 127616
03:21:40 0.72 0.97 1.15 1/916 127812
03:21:50 0.61 0.94 1.14 1/914 127824
03:22:00 0.51 0.91 1.12 1/914 127830
03:22:10 0.43 0.88 1.11 5/923 129079
03:22:20 0.91 0.97 1.14 5/927 129146
03:22:30 1.30 1.05 1.16 3/919 129205
03:22:40 1.41 1.08 1.17 38/1094 131281
03:22:50 6.66 2.22 1.54 25/1045 134046
03:23:00 8.14 2.69 1.70 11/985 134391
03:23:10 7.87 2.81 1.75 4/931 134400
03:23:20 7.12 2.82 1.77 4/931 134406
03:23:30 6.65 2.86 1.79 7/947 134452
03:23:40 6.47 2.95 1.83 7/947 134466
03:23:50 6.25 3.01 1.87 6/939 134472
03:24:00 5.98 3.06 1.90 6/947 134486
03:24:10 5.83 3.13 1.93 6/950 134495
03:24:20 5.70 3.19 1.96 6/950 134501
03:24:30 5.51 3.23 1.99 5/942 134507
03:24:40 5.36 3.27 2.02 4/934 134513
03:24:50 5.00 3.27 2.03 4/930 134527
03:25:00 4.77 3.27 2.04 4/930 134533
03:25:10 4.50 3.26 2.06 4/930 134542
03:25:20 4.27 3.25 2.07 5/927 134548
03:25:30 4.07 3.25 2.08 4/927 134554
03:25:40 3.91 3.24 2.09 5/927 134562
03:25:50 3.77 3.23 2.10 4/927 134568
03:26:00 3.65 3.22 2.11 5/927 134574
03:26:10 3.55 3.21 2.12 5/927 134580
03:26:20 3.46 3.20 2.13 4/925 134586
03:26:30 3.39 3.20 2.14 4/925 134592
03:26:40 3.25 3.17 2.14 3/923 134599
03:26:50 3.06 3.14 2.14 3/923 134605
03:27:00 2.89 3.10 2.14 3/922 134611
03:27:10 2.76 3.06 2.14 3/922 134617
03:27:20 2.64 3.03 2.13 3/922 134623
03:27:30 2.54 2.99 2.13 3/922 134626
03:27:40 2.46 2.96 2.13 3/921 134632
03:27:50 2.39 2.93 2.13 3/921 134638
03:28:00 2.33 2.90 2.13 3/921 134644
03:28:10 2.28 2.87 2.12 3/921 134650
03:28:20 2.15 2.82 2.12 2/911 134736
03:28:30 1.97 2.76 2.10 2/910 134806
03:28:40 1.82 2.70 2.09 2/910 134871
03:28:50 1.70 2.65 2.08 3/910 134915
03:29:00 1.59 2.59 2.07 2/910 135017
03:29:10 1.50 2.54 2.06 2/910 135023
03:29:20 1.42 2.49 2.04 3/912 135031
03:29:30 1.36 2.44 2.03 2/912 135037
03:29:40 1.30 2.39 2.02 2/912 135124
03:29:50 1.25 2.34 2.01 2/912 135169
03:30:00 1.21 2.30 2.00 2/912 135175
03:30:10 1.18 2.26 1.99 2/913 135186
03:30:20 1.15 2.21 1.98 2/913 135192
03:30:30 1.13 2.17 1.96 2/913 135198
03:30:40 1.11 2.13 1.95 2/913 135244
03:30:50 1.09 2.10 1.94 2/913 135250
03:31:00 1.08 2.06 1.93 2/913 135256
03:31:10 1.06 2.02 1.92 3/914 135301
03:31:20 1.05 1.99 1.91 2/914 135307
03:31:30 1.05 1.96 1.90 2/914 135313
03:31:40 1.04 1.93 1.89 2/914 135357
03:31:50 1.03 1.89 1.88 2/914 135363
03:32:00 1.03 1.86 1.87 2/914 135369
03:32:10 1.02 1.84 1.86 2/915 135414
03:32:20 1.02 1.81 1.85 2/914 135420
03:32:30 1.02 1.78 1.84 2/913 135426
03:32:40 1.01 1.75 1.83 2/913 135470
03:32:50 1.01 1.73 1.82 2/913 135476
03:33:01 1.01 1.70 1.81 2/913 135482
03:33:11 1.01 1.68 1.80 2/913 135526
03:33:21 1.00 1.66 1.80 2/913 135532
03:33:31 1.00 1.64 1.79 2/912 135538
03:33:41 1.00 1.61 1.78 2/912 135582
03:33:51 1.00 1.59 1.77 2/912 135588
03:34:01 1.00 1.57 1.76 2/912 135594
03:34:11 1.00 1.55 1.75 2/913 135639
03:34:21 1.00 1.54 1.74 2/911 135645
03:34:31 1.00 1.52 1.73 2/911 135651
03:34:41 1.00 1.50 1.73 2/910 135695
03:34:51 1.00 1.48 1.72 2/910 135698
03:35:01 1.00 1.47 1.71 2/910 135704
03:35:11 1.00 1.45 1.70 2/910 135715
03:35:21 1.00 1.44 1.69 2/908 135757
03:35:31 1.00 1.42 1.69 2/908 135763
03:35:41 1.00 1.41 1.68 2/908 135771
03:35:51 1.00 1.39 1.67 2/908 135815
03:36:01 1.00 1.38 1.66 2/908 135821
03:36:11 1.00 1.37 1.66 2/908 135827
03:36:21 1.00 1.35 1.65 2/907 135871
03:36:31 1.00 1.34 1.64 2/907 135877
03:36:41 1.00 1.33 1.63 2/907 135883
03:36:51 1.15 1.35 1.64 2/906 135927
03:37:01 1.12 1.34 1.63 2/906 135933
03:37:11 1.10 1.33 1.62 2/906 135939
03:37:21 1.09 1.32 1.62 2/906 135983
03:37:31 1.07 1.31 1.61 2/906 135989
03:37:41 1.06 1.29 1.60 2/906 135995
03:37:51 1.05 1.28 1.60 2/906 136039
03:38:01 1.04 1.27 1.59 2/906 136045
03:38:11 1.04 1.27 1.58 2/906 136051
03:38:21 1.03 1.26 1.57 2/907 136096
03:38:31 1.02 1.25 1.57 2/907 136102
03:38:41 1.02 1.24 1.56 2/907 136108
03:38:51 1.02 1.23 1.55 2/907 136152
03:39:01 1.01 1.22 1.55 2/907 136158
03:39:11 1.01 1.21 1.54 2/907 136164
03:39:21 1.01 1.21 1.54 2/908 136209
03:39:31 1.01 1.20 1.53 2/908 136215
03:39:41 1.01 1.19 1.52 2/907 136221
03:39:51 1.00 1.19 1.52 3/907 136265
03:40:01 1.00 1.18 1.51 2/907 136271
03:40:11 1.00 1.17 1.51 2/908 136282
03:40:21 1.00 1.17 1.50 2/909 136327
03:40:31 1.00 1.16 1.49 2/909 136333
03:40:41 1.00 1.15 1.49 2/909 136339
03:40:51 1.00 1.15 1.48 2/909 136423
03:41:01 1.00 1.14 1.48 2/909 136429
03:41:11 1.00 1.14 1.47 2/909 136435
03:41:21 1.00 1.13 1.46 2/909 136517
03:41:31 1.00 1.13 1.46 2/909 136523
03:41:41 1.00 1.12 1.45 2/909 136529
03:41:51 1.00 1.12 1.45 2/909 136608
03:42:01 1.00 1.11 1.44 2/909 136614
03:42:11 1.00 1.11 1.44 2/910 136621
03:42:21 1.00 1.11 1.43 2/909 136703
03:42:31 1.00 1.10 1.43 2/909 136709
03:42:41 1.00 1.10 1.42 2/909 136715
03:42:51 1.00 1.10 1.42 2/909 136797
03:43:01 1.00 1.09 1.41 3/909 136803
03:43:11 1.00 1.09 1.41 2/909 136809
03:43:21 1.00 1.08 1.40 2/911 136893
03:43:31 1.00 1.08 1.40 2/911 136899
03:43:41 1.00 1.08 1.39 2/911 136905
03:43:51 1.00 1.08 1.39 2/911 136987
03:44:01 1.00 1.07 1.38 2/911 136993
03:44:11 1.00 1.07 1.38 2/911 136999
03:44:21 1.00 1.07 1.37 2/910 137081
03:44:31 1.00 1.06 1.37 2/910 137087
03:44:41 1.00 1.06 1.37 2/910 137093
03:44:51 1.00 1.06 1.36 2/912 137177
03:45:01 1.00 1.06 1.36 2/912 137186
03:45:11 1.00 1.05 1.35 2/912 137192
03:45:21 1.00 1.05 1.35 2/914 137276
03:45:31 1.00 1.05 1.35 2/913 137282
03:45:41 1.00 1.05 1.34 2/912 137288
03:45:51 1.16 1.08 1.35 2/912 137372
03:46:01 1.13 1.08 1.34 2/912 137378
03:46:11 1.11 1.07 1.34 2/912 137384
03:46:21 1.10 1.07 1.34 2/915 137469
03:46:31 1.08 1.07 1.33 2/915 137475
03:46:41 1.07 1.07 1.33 2/915 137481
03:46:51 0.98 1.05 1.32 1/915 137677
03:47:01 0.83 1.01 1.31 1/915 137683
03:47:11 0.70 0.98 1.29 3/926 137738
03:47:21 0.90 1.01 1.30 4/926 137744
03:47:31 1.07 1.04 1.31 3/926 137750
03:47:41 1.21 1.08 1.31 3/926 137756
03:47:51 1.33 1.11 1.32 4/924 137762
03:48:01 1.36 1.12 1.32 2/924 137768
03:48:11 1.30 1.12 1.32 2/924 137774
03:48:21 1.33 1.13 1.32 3/923 137780
03:48:31 1.28 1.12 1.32 2/921 137786
03:48:41 1.23 1.12 1.31 1/913 137793
03:48:51 1.04 1.08 1.30 2/947 138337
03:49:01 3.32 1.58 1.46 4/947 139563
03:49:11 2.96 1.56 1.46 10/947 140133
03:49:21 2.81 1.58 1.46 22/947 143259
03:49:31 5.69 2.23 1.68 14/948 143866
03:49:41 6.74 2.59 1.80 2/948 144474
03:49:51 5.86 2.53 1.79 2/947 145185
03:50:01 9.13 3.34 2.06 2/915 145912
03:50:11 7.88 3.26 2.05 2/948 146726
03:50:21 10.79 4.04 2.31 30/946 147296
03:50:31 10.46 4.19 2.38 26/946 147904
03:50:41 11.29 4.59 2.53 32/946 148615
03:50:51 11.40 4.85 2.64 2/915 148763
03:51:01 9.80 4.72 2.62 2/915 148907
03:51:11 8.45 4.60 2.60 2/916 149090
03:51:21 7.30 4.48 2.59 2/917 149339
03:51:31 6.33 4.37 2.57 2/946 149516
03:51:41 5.59 4.27 2.56 2/946 150242
03:51:51 5.76 4.34 2.60 24/945 151460
03:52:01 7.79 4.83 2.77 2/910 152626
03:52:11 9.23 5.22 2.92 23/944 154688
03:52:21 10.16 5.54 3.05 2/943 155258
03:52:31 9.71 5.60 3.10 14/943 156134
03:52:41 12.59 6.36 3.37 5/944 156743
03:52:51 12.86 6.61 3.49 2/944 157517
03:53:01 12.72 6.77 3.57 28/944 158321
03:53:11 13.02 7.04 3.69 2/912 159035
03:53:21 13.09 7.24 3.79 20/944 159749
03:53:31 12.94 7.41 3.89 29/945 160370
03:53:41 14.57 7.94 4.10 5/945 160799
03:53:51 12.48 7.71 4.06 30/945 161969
03:54:01 13.89 8.18 4.26 2/913 163102
03:54:11 11.91 7.95 4.22 2/914 166039
03:54:21 11.91 8.06 4.30 4/946 167783
03:54:31 11.78 8.17 4.38 38/943 168586
03:54:41 10.13 7.94 4.34 2/946 169437
03:54:51 8.72 7.71 4.30 2/945 171987
03:55:01 7.53 7.49 4.27 32/945 172900
03:55:11 6.61 7.29 4.24 2/945 173470
03:55:21 5.75 7.08 4.20 2/943 174074
03:55:31 5.02 6.88 4.17 2/943 174080
03:55:41 4.40 6.69 4.13 2/943 174124
03:55:51 3.88 6.50 4.10 2/943 174130
03:56:01 3.43 6.32 4.07 2/942 174138
03:56:11 3.06 6.14 4.03 2/942 174144
03:56:21 2.74 5.97 4.00 2/941 174150
03:56:31 2.47 5.81 3.97 2/940 174228
03:56:41 2.25 5.65 3.93 2/940 174231
03:56:51 2.05 5.50 3.90 2/940 174237
03:57:01 1.89 5.35 3.87 2/939 174243
03:57:11 1.75 5.20 3.84 2/939 174287
03:57:21 1.64 5.07 3.81 2/939 174293
03:57:31 1.54 4.93 3.78 2/939 174299
03:57:41 1.46 4.80 3.75 2/939 174339
03:57:51 1.39 4.68 3.72 2/939 174345
03:58:02 1.33 4.56 3.69 3/938 174389
03:58:12 1.27 4.44 3.66 2/938 174395
03:58:22 1.23 4.32 3.63 2/938 174401
03:58:32 1.20 4.21 3.60 2/938 174407
03:58:42 1.25 4.12 3.58 2/938 174452
03:58:52 1.44 4.07 3.57 3/938 174492
03:59:02 1.37 3.97 3.54 2/938 174498
03:59:12 1.32 3.87 3.51 2/938 174504
03:59:22 1.27 3.78 3.48 2/938 174510
03:59:32 1.22 3.68 3.46 2/938 174554
03:59:42 1.19 3.60 3.43 2/937 174560
03:59:52 1.16 3.51 3.40 3/937 174604
04:00:02 1.14 3.43 3.38 2/937 174644
04:00:12 1.11 3.35 3.35 2/938 174693
04:00:22 1.10 3.27 3.33 2/938 174699
04:00:32 1.08 3.19 3.30 2/938 174743
04:00:42 1.07 3.12 3.27 2/938 174749
04:00:52 1.06 3.05 3.25 2/939 174756
04:01:02 1.05 2.98 3.22 2/940 174803
04:01:12 1.04 2.92 3.20 2/941 174844
04:01:22 1.03 2.85 3.18 2/941 174888
04:01:32 1.03 2.79 3.15 2/941 174894
04:01:42 1.02 2.73 3.13 2/941 174900
04:01:52 1.09 2.69 3.11 2/941 174944
04:02:02 1.08 2.63 3.09 2/941 174988
04:02:12 1.07 2.58 3.07 2/943 175025
04:02:22 2.46 2.84 3.14 25/942 175964
04:02:32 4.27 3.21 3.26 2/942 176031
04:02:42 4.09 3.20 3.26 7/942 176970
04:02:52 4.05 3.23 3.27 2/943 177015
04:03:02 3.58 3.15 3.24 2/912 177922
04:03:12 4.31 3.31 3.29 2/944 177961
04:03:22 3.80 3.24 3.27 2/945 178006
04:03:32 3.37 3.16 3.24 18/945 178983
04:03:42 3.74 3.26 3.27 2/945 178986
04:03:52 3.32 3.18 3.25 2/913 179892
04:04:02 2.96 3.11 3.22 29/944 179969
04:04:12 4.80 3.51 3.36 2/944 179975
04:04:22 4.21 3.43 3.33 2/944 180952
04:04:32 6.12 3.85 3.47 2/944 180958
04:04:42 5.33 3.75 3.44 1/911 180965
04:04:52 4.51 3.63 3.40 1/912 181048
04:05:02 3.82 3.51 3.37 1/913 181134
04:05:12 3.39 3.43 3.34 2/916 181181
04:05:22 3.09 3.36 3.32 2/916 181187
04:05:32 2.63 3.25 3.28 2/916 181193
04:05:42 2.38 3.17 3.26 2/917 181200
04:05:52 2.16 3.10 3.23 2/916 181206
04:06:02 1.99 3.03 3.21 2/916 181212
04:06:12 1.83 2.96 3.18 2/916 181220
04:06:22 1.70 2.90 3.16 2/916 181227
04:06:32 1.60 2.83 3.14 2/915 181233
04:06:42 1.50 2.77 3.11 2/915 181239
04:06:52 1.43 2.71 3.09 2/915 181245
04:07:02 1.36 2.66 3.07 2/915 181251
04:07:12 1.30 2.60 3.04 2/915 181257
04:07:22 1.26 2.55 3.02 2/915 181263
04:07:32 1.22 2.50 3.00 2/915 181269
04:07:42 1.10 2.43 2.97 2/911 181412
