banners.Banners py=21.56s(pass1) rs c/s/w=109.4/109.9/1.8ms vr c/w=397.6/394.6ms eq(rs)=['1', '1', '1'] consistent=1 load=5.36
linux.bash.Bash py=10.21s(pass1) rs c/s/w=93.1/7.9/7.5ms vr c/w=2214.3/209.4ms eq(rs)=['1', '1', '1'] consistent=1 load=5.36
linux.boottime.Boottime py=8.00s(pass1) rs c/s/w=90.7/2.3/2.7ms vr c/w=2087.2/132.0ms eq(rs)=['1', '1', '1'] consistent=1 load=5.36
linux.capabilities.Capabilities py=8.21s(pass1) rs c/s/w=89.4/3.7/3.7ms vr c/w=2066.2/130.3ms eq(rs)=['1', '1', '1'] consistent=1 load=5.36
linux.check_afinfo.Check_afinfo py=20.19s(pass1) rs c/s/w=88.9/4.2/4.1ms vr c/w=2262.3/322.1ms eq(rs)=['1', '1', '1'] consistent=1 load=5.36
linux.check_creds.Check_creds py=9.73s(pass1) rs c/s/w=91.7/2.6/2.2ms vr c/w=2094.7/129.3ms eq(rs)=['1', '1', '1'] consistent=1 load=5.36
linux.check_idt.Check_idt py=28.25s(pass1) rs c/s/w=92.4/7.5/7.3ms vr c/w=2314.9/313.0ms eq(rs)=['1', '1', '1'] consistent=1 load=5.09
linux.check_modules.Check_modules py=9.35s(pass1) rs c/s/w=94.7/2.6/2.5ms vr c/w=2079.2/126.1ms eq(rs)=['1', '1', '1'] consistent=1 load=5.09
linux.check_syscall.Check_syscall py=22.01s(pass1) rs c/s/w=99.0/9.8/9.5ms vr c/w=2430.7/494.3ms eq(rs)=['1', '1', '1'] consistent=1 load=5.09
linux.ebpf.EBPF py=8.71s(pass1) rs c/s/w=89.0/2.0/1.9ms vr c/w=2042.3/136.6ms eq(rs)=['1', '1', '1'] consistent=1 load=5.09
linux.elfs.Elfs py=13.57s(pass1) rs c/s/w=93.8/7.2/7.3ms vr c/w=2277.3/278.5ms eq(rs)=['1', '1', '1'] consistent=1 load=5.09
linux.envars.Envars py=8.11s(pass1) rs c/s/w=89.6/5.4/5.2ms vr c/w=2082.1/135.1ms eq(rs)=['1', '1', '1'] consistent=1 load=5.09
linux.graphics.fbdev.Fbdev py=6.12s(pass1) rs c/s/w=86.1/1.5/1.4ms vr c/w=2108.0/123.3ms eq(rs)=['1', '1', '1'] consistent=1 load=5.09
linux.hidden_modules.Hidden_modules py=17.42s(pass1) rs c/s/w=86.6/5.0/4.6ms vr c/w=2513.4/588.7ms eq(rs)=['1', '1', '1'] consistent=1 load=5.09
linux.iomem.IOMem py=9.14s(pass1) rs c/s/w=92.7/2.0/1.6ms vr c/w=2073.8/123.3ms eq(rs)=['1', '1', '1'] consistent=1 load=5.80
linux.ip.Addr py=10.62s(pass1) rs c/s/w=90.9/2.1/1.9ms vr c/w=2058.1/124.9ms eq(rs)=['1', '1', '1'] consistent=1 load=5.80
linux.ip.Link py=9.21s(pass1) rs c/s/w=94.5/1.8/2.0ms vr c/w=2055.6/125.2ms eq(rs)=['1', '1', '1'] consistent=1 load=5.80
linux.kallsyms.Kallsyms py=105.37s(pass1) rs c/s/w=113.7/44.1/36.6ms vr c/w=3170.4/1170.3ms eq(rs)=['1', '1', '1'] consistent=1 load=5.80
linux.keyboard_notifiers.Keyboard_notifiers py=19.50s(pass1) rs c/s/w=89.0/5.6/5.4ms vr c/w=2251.4/318.4ms eq(rs)=['1', '1', '1'] consistent=1 load=5.80
linux.kmsg.Kmsg py=8.34s(pass1) rs c/s/w=87.0/2.7/2.7ms vr c/w=2084.9/135.1ms eq(rs)=['1', '1', '1'] consistent=1 load=5.80
linux.kthreads.Kthreads py=27.17s(pass1) rs c/s/w=94.3/9.9/9.7ms vr c/w=2257.4/328.5ms eq(rs)=['1', '1', '1'] consistent=1 load=5.66
linux.library_list.LibraryList py=43.77s(pass1) rs c/s/w=92.9/8.0/7.8ms vr c/w=2209.2/270.7ms eq(rs)=['1', '1', '1'] consistent=1 load=5.66
linux.lsmod.Lsmod py=15.90s(pass1) rs c/s/w=89.7/2.8/2.4ms vr c/w=2111.6/129.3ms eq(rs)=['1', '1', '1'] consistent=1 load=5.66
linux.lsof.Lsof py=24.84s(pass1) rs c/s/w=92.3/7.6/7.8ms vr c/w=2141.3/178.8ms eq(rs)=['1', '1', '1'] consistent=1 load=5.66
linux.malfind.Malfind py=31.59s(pass1) rs c/s/w=93.5/9.4/9.2ms vr c/w=2378.6/431.2ms eq(rs)=['1', '1', '1'] consistent=1 load=5.66
linux.malware.check_afinfo.Check_afinfo py=17.31s(pass1) rs c/s/w=91.1/4.2/4.0ms vr c/w=2260.2/313.1ms eq(rs)=['1', '1', '1'] consistent=1 load=5.66
linux.malware.check_creds.Check_creds py=9.17s(pass1) rs c/s/w=94.3/2.7/2.5ms vr c/w=2032.9/130.9ms eq(rs)=['1', '1', '1'] consistent=1 load=5.66
linux.malware.check_idt.Check_idt py=30.09s(pass1) rs c/s/w=89.1/7.6/7.5ms vr c/w=2312.5/312.9ms eq(rs)=['1', '1', '1'] consistent=1 load=6.17
linux.malware.check_modules.Check_modules py=7.89s(pass1) rs c/s/w=85.5/2.7/2.4ms vr c/w=2186.9/126.4ms eq(rs)=['1', '1', '1'] consistent=1 load=6.17
linux.malware.check_syscall.Check_syscall py=29.14s(pass1) rs c/s/w=100.3/9.5/9.4ms vr c/w=2532.0/512.3ms eq(rs)=['1', '1', '1'] consistent=1 load=6.17
linux.malware.hidden_modules.Hidden_modules py=18.28s(pass1) rs c/s/w=93.9/4.9/4.7ms vr c/w=2495.0/584.6ms eq(rs)=['1', '1', '1'] consistent=1 load=6.17
linux.malware.keyboard_notifiers.Keyboard_notifiers py=19.19s(pass1) rs c/s/w=90.3/5.7/5.2ms vr c/w=2272.5/314.6ms eq(rs)=['1', '1', '1'] consistent=1 load=6.17
linux.malware.malfind.Malfind py=34.63s(pass1) rs c/s/w=92.3/9.5/9.7ms vr c/w=2504.3/416.4ms eq(rs)=['1', '1', '1'] consistent=1 load=6.17
linux.malware.modxview.Modxview py=19.57s(pass1) rs c/s/w=91.4/6.0/5.6ms vr c/w=2497.0/567.7ms eq(rs)=['1', '1', '1'] consistent=1 load=6.17
linux.malware.netfilter.Netfilter py=37.23s(pass1) rs c/s/w=96.3/8.0/7.2ms vr c/w=2230.8/310.5ms eq(rs)=['1', '1', '1'] consistent=1 load=6.17
linux.malware.process_spoofing.ProcessSpoofing py=10.48s(pass1) rs c/s/w=90.4/5.6/5.0ms vr c/w=2083.9/135.8ms eq(rs)=['1', '1', '1'] consistent=1 load=6.15
linux.malware.tty_check.Tty_Check py=27.70s(pass1) rs c/s/w=94.1/7.5/7.8ms vr c/w=2265.0/311.1ms eq(rs)=['1', '1', '1'] consistent=1 load=6.15
linux.modxview.Modxview py=17.78s(pass1) rs c/s/w=84.7/5.4/5.3ms vr c/w=2481.0/579.9ms eq(rs)=['1', '1', '1'] consistent=1 load=6.15
linux.mountinfo.MountInfo py=11.89s(pass1) rs c/s/w=95.9/6.0/6.0ms vr c/w=2056.6/151.1ms eq(rs)=['1', '1', '1'] consistent=1 load=6.15
linux.netfilter.Netfilter py=39.74s(pass1) rs c/s/w=89.9/7.6/7.8ms vr c/w=2281.2/322.5ms eq(rs)=['1', '1', '1'] consistent=1 load=6.15
linux.pagecache.Files py=58.40s(pass1) rs c/s/w=117.5/32.7/37.8ms vr c/w=2954.3/1014.6ms eq(rs)=['1', '1', '1'] consistent=1 load=6.15
linux.pagecache.InodePages py=7.62s(pass1) rs c/s/w=87.5/1.8/1.4ms vr c/w=2132.6/124.5ms eq(rs)=['1', '1', '1'] consistent=1 load=5.82
linux.pidhashtable.PIDHashTable py=10.53s(pass1) rs c/s/w=86.4/5.1/4.6ms vr c/w=2060.4/136.4ms eq(rs)=['1', '1', '1'] consistent=1 load=5.82
linux.proc.Maps py=41.70s(pass1) rs c/s/w=94.6/9.6/9.5ms vr c/w=2397.0/449.4ms eq(rs)=['1', '1', '1'] consistent=1 load=5.82
linux.psaux.PsAux py=8.90s(pass1) rs c/s/w=85.8/5.1/5.1ms vr c/w=2082.3/132.0ms eq(rs)=['1', '1', '1'] consistent=1 load=5.82
linux.pslist.PsList py=10.59s(pass1) rs c/s/w=89.7/3.3/2.7ms vr c/w=2081.9/131.5ms eq(rs)=['1', '1', '1'] consistent=1 load=5.82
linux.psscan.PsScan py=58.63s(pass1) rs c/s/w=213.3/121.9/14.7ms vr c/w=2385.8/486.2ms eq(rs)=['1', '1', '1'] consistent=1 load=5.82
linux.pstree.PsTree py=8.89s(pass1) rs c/s/w=89.6/3.0/3.6ms vr c/w=2098.6/130.6ms eq(rs)=['1', '1', '1'] consistent=1 load=8.16
linux.ptrace.Ptrace py=8.54s(pass1) rs c/s/w=89.4/3.0/3.1ms vr c/w=2102.6/138.2ms eq(rs)=['1', '1', '1'] consistent=1 load=8.16
linux.sockscan.Sockscan py=27.16s(pass1) rs c/s/w=203.5/115.8/7.0ms vr c/w=2216.2/425.0ms eq(rs)=['1', '1', '1'] consistent=1 load=8.16
linux.sockstat.Sockstat py=19.34s(pass1) rs c/s/w=92.9/7.7/7.8ms vr c/w=2087.6/182.6ms eq(rs)=['1', '1', '1'] consistent=1 load=8.16
linux.tracing.ftrace.CheckFtrace py=25.89s(pass1) rs c/s/w=93.9/7.6/7.3ms vr c/w=2262.4/314.6ms eq(rs)=['1', '1', '1'] consistent=1 load=8.16
linux.tracing.perf_events.PerfEvents py=8.22s(pass1) rs c/s/w=90.0/2.9/2.7ms vr c/w=2177.8/130.0ms eq(rs)=['1', '1', '1'] consistent=1 load=8.16
linux.tracing.tracepoints.CheckTracepoints py=25.14s(pass1) rs c/s/w=91.6/7.1/7.0ms vr c/w=2273.8/331.7ms eq(rs)=['1', '1', '1'] consistent=1 load=10.63
linux.tty_check.tty_check py=24.36s(pass1) rs c/s/w=94.2/7.7/7.8ms vr c/w=2232.9/313.7ms eq(rs)=['1', '1', '1'] consistent=1 load=10.63
linux.vmcoreinfo.VMCoreInfo py=9.23s(pass1) rs c/s/w=200.0/113.7/2.0ms vr c/w=3046.7/1206.9ms eq(rs)=['1', '1', '1'] consistent=1 load=10.63
linux.pagecache.RecoverFs py=710.99s(pass1) rs c/s/w=2342.2/2281.8/2326.8ms vr c/w=86708.7/85863.9ms eq(rs)=['1', '1', '1'] consistent=1 load=10.63
linux.pscallstack.PsCallStack py=650.81s(pass1) rs c/s/w=96.2/9.7/9.5ms vr c/w=2508.8/534.6ms eq(rs)=['1', '1', '1'] consistent=1 load=10.49
timeliner.Timeliner py=262.11s(pass1) rs c/s/w=359.0/203.4/88.4ms vr c/w=3134.5/1244.7ms eq(rs)=['0', '0', '0'] consistent=1 load=10.49
