banners.Banners py=29.23s(pass1) rs c/s/w=182.1/181.7/1.6ms vr c/w=624.1/626.3ms eq(rs)=['1', '1', '1'] consistent=1 load=0.21
frameworkinfo.FrameworkInfo py=0.38s(pass1) rs c/s/w=1.1/1.1/1.2ms vr c/w=5.0/3.8ms eq(rs)=['0', '0', '0'] consistent=1 load=2.76
isfinfo.IsfInfo py=0.37s(pass1) rs c/s/w=30.3/2.7/2.5ms vr c/w=3.8/3.7ms eq(rs)=['0', '0', '0'] consistent=1 load=2.76
vmscan.Vmscan py=1.88s(pass1) rs c/s/w=41.0/39.0/1.6ms vr c/w=4.1/4.1ms eq(rs)=['1', '1', '1'] consistent=1 load=2.76
windows.amcache.Amcache py=1.04s(pass1) rs c/s/w=18.2/2.1/2.3ms vr c/w=561.3/84.7ms eq(rs)=['1', '1', '1'] consistent=1 load=2.76
windows.bigpools.BigPools py=4.49s(pass1) rs c/s/w=19.6/5.7/5.2ms vr c/w=616.1/139.2ms eq(rs)=['1', '1', '1'] consistent=1 load=2.76
windows.cachedump.Cachedump py=2.09s(pass1) rs c/s/w=20.7/4.6/4.3ms vr c/w=564.8/96.8ms eq(rs)=['1', '1', '1'] consistent=1 load=2.76
windows.callbacks.Callbacks py=19.44s(pass1) rs c/s/w=65.2/48.3/6.7ms vr c/w=2962.6/2445.9ms eq(rs)=['1', '1', '1'] consistent=1 load=2.76
windows.cmdline.CmdLine py=1.23s(pass1) rs c/s/w=19.7/5.3/4.8ms vr c/w=559.2/91.1ms eq(rs)=['1', '1', '1'] consistent=1 load=2.76
windows.cmdscan.CmdScan py=5.83s(pass1) rs c/s/w=25.8/12.5/6.6ms vr c/w=833.4/360.1ms eq(rs)=['1', '1', '1'] consistent=1 load=2.76
windows.consoles.Consoles py=7.57s(pass1) rs c/s/w=23.2/9.6/9.7ms vr c/w=832.5/359.3ms eq(rs)=['1', '1', '1'] consistent=1 load=2.76
windows.crashinfo.Crashinfo py=0.43s(pass1) rs c/s/w=1.1/1.1/1.1ms vr c/w=554.9/83.8ms eq(rs)=['1', '1', '1'] consistent=1 load=2.76
windows.debugregisters.DebugRegisters py=19.12s(pass1) rs c/s/w=24.9/11.5/11.5ms vr c/w=560.7/94.8ms eq(rs)=['1', '1', '1'] consistent=1 load=2.76
windows.deskscan.DeskScan py=13.77s(pass1) rs c/s/w=66.1/53.1/6.6ms vr c/w=2619.1/2171.4ms eq(rs)=['1', '1', '1'] consistent=1 load=2.76
windows.desktops.Desktops py=17.25s(pass1) rs c/s/w=69.2/55.0/10.1ms vr c/w=2706.4/2217.4ms eq(rs)=['1', '1', '1'] consistent=1 load=5.82
windows.devicetree.DeviceTree py=13.84s(pass1) rs c/s/w=66.2/52.2/5.2ms vr c/w=2658.4/2184.6ms eq(rs)=['1', '1', '1'] consistent=1 load=5.82
windows.dlllist.DllList py=8.46s(pass1) rs c/s/w=23.1/9.0/9.1ms vr c/w=702.9/226.6ms eq(rs)=['1', '1', '1'] consistent=1 load=5.82
windows.driverirp.DriverIrp py=14.82s(pass1) rs c/s/w=70.1/53.9/10.1ms vr c/w=2666.2/2171.2ms eq(rs)=['1', '1', '1'] consistent=1 load=5.82
windows.drivermodule.DriverModule py=13.73s(pass1) rs c/s/w=64.3/48.9/5.1ms vr c/w=2587.7/2147.8ms eq(rs)=['1', '1', '1'] consistent=1 load=5.82
windows.driverscan.DriverScan py=14.10s(pass1) rs c/s/w=64.1/49.5/5.2ms vr c/w=2630.7/2194.0ms eq(rs)=['1', '1', '1'] consistent=1 load=5.82
windows.dumpfiles.DumpFiles py=144.37s(pass1) rs c/s/w=156.9/145.8/143.7ms vr c/w=8086.6/7522.0ms eq(rs)=['1', '1', '1'] consistent=1 load=5.82
windows.envars.Envars py=1.90s(pass1) rs c/s/w=20.7/6.0/6.1ms vr c/w=571.6/101.8ms eq(rs)=['1', '1', '1'] consistent=1 load=5.59
windows.etwpatch.EtwPatch py=17.51s(pass1) rs c/s/w=48.2/25.2/22.0ms vr c/w=699.2/224.0ms eq(rs)=['1', '1', '1'] consistent=1 load=5.59
windows.filescan.FileScan py=24.59s(pass1) rs c/s/w=71.2/56.7/14.0ms vr c/w=2777.8/2306.2ms eq(rs)=['1', '1', '1'] consistent=1 load=5.59
windows.getservicesids.GetServiceSIDs py=2.56s(pass1) rs c/s/w=19.7/3.7/3.3ms vr c/w=598.4/127.8ms eq(rs)=['1', '1', '1'] consistent=1 load=5.59
windows.getsids.GetSIDs py=2.80s(pass1) rs c/s/w=22.0/6.9/7.9ms vr c/w=598.2/120.3ms eq(rs)=['1', '1', '1'] consistent=1 load=5.59
windows.handles.Handles py=37.62s(pass1) rs c/s/w=26.5/13.5/13.2ms vr c/w=1129.6/667.2ms eq(rs)=['1', '1', '1'] consistent=1 load=5.59
windows.hashdump.Hashdump py=1.89s(pass1) rs c/s/w=20.7/4.6/4.4ms vr c/w=563.4/92.7ms eq(rs)=['1', '1', '1'] consistent=1 load=5.59
windows.iat.IAT py=4.62s(pass1) rs c/s/w=22.8/10.6/10.3ms vr c/w=643.0/170.4ms eq(rs)=['1', '1', '1'] consistent=1 load=5.59
windows.info.Info py=0.84s(pass1) rs c/s/w=18.7/1.9/1.6ms vr c/w=569.4/81.7ms eq(rs)=['0', '0', '0'] consistent=1 load=5.59
windows.joblinks.JobLinks py=1.14s(pass1) rs c/s/w=20.1/5.6/5.2ms vr c/w=562.0/94.2ms eq(rs)=['1', '1', '1'] consistent=1 load=5.59
windows.kpcrs.KPCRs py=0.92s(pass1) rs c/s/w=18.1/1.7/1.5ms vr c/w=561.6/82.1ms eq(rs)=['1', '1', '1'] consistent=1 load=5.59
windows.lsadump.Lsadump py=2.12s(pass1) rs c/s/w=21.4/4.6/5.1ms vr c/w=568.1/90.9ms eq(rs)=['1', '1', '1'] consistent=1 load=5.59
windows.malware.drivermodule.DriverModule py=14.12s(pass1) rs c/s/w=64.5/50.9/5.0ms vr c/w=2634.8/2151.6ms eq(rs)=['1', '1', '1'] consistent=1 load=5.59
windows.mbrscan.MBRScan py=16.53s(pass1) rs c/s/w=215.1/200.8/71.5ms vr c/w=1370.2/899.9ms eq(rs)=['1', '1', '1'] consistent=1 load=5.71
windows.modscan.ModScan py=13.08s(pass1) rs c/s/w=63.4/47.6/2.9ms vr c/w=2618.0/2147.0ms eq(rs)=['1', '1', '1'] consistent=1 load=5.71
windows.modules.Modules py=1.01s(pass1) rs c/s/w=18.2/2.5/2.6ms vr c/w=562.4/85.5ms eq(rs)=['1', '1', '1'] consistent=1 load=5.71
windows.mutantscan.MutantScan py=13.51s(pass1) rs c/s/w=64.4/50.5/4.8ms vr c/w=2634.9/2196.2ms eq(rs)=['1', '1', '1'] consistent=1 load=5.71
windows.netscan.NetScan py=20.68s(pass1) rs c/s/w=66.3/53.9/3.3ms vr c/w=2627.1/2167.8ms eq(rs)=['1', '1', '1'] consistent=1 load=9.09
windows.netstat.NetStat py=1.16s(pass1) rs c/s/w=28.5/3.6/3.2ms vr c/w=1053.1/571.8ms eq(rs)=['1', '1', '1'] consistent=1 load=9.09
windows.orphan_kernel_threads.Threads py=16.71s(pass1) rs c/s/w=66.6/51.6/7.6ms vr c/w=2677.4/2195.8ms eq(rs)=['1', '1', '1'] consistent=1 load=9.09
windows.pe_symbols.PESymbols py=0.36s(pass1) rs c/s/w=1.0/1.0/1.0ms vr c/w=3.1/3.0ms eq(rs)=['1', '1', '1'] consistent=1 load=9.09
windows.poolscanner.PoolScanner py=37.29s(pass1) rs c/s/w=73.5/60.2/16.7ms vr c/w=3277.8/2868.8ms eq(rs)=['1', '1', '1'] consistent=1 load=9.09
windows.privileges.Privs py=1.33s(pass1) rs c/s/w=20.3/5.6/5.4ms vr c/w=565.5/99.8ms eq(rs)=['1', '1', '1'] consistent=1 load=9.09
windows.pslist.PsList py=1.17s(pass1) rs c/s/w=18.4/2.6/2.7ms vr c/w=558.5/88.2ms eq(rs)=['1', '1', '1'] consistent=1 load=9.09
windows.psscan.PsScan py=14.86s(pass1) rs c/s/w=63.7/49.4/5.8ms vr c/w=2667.9/2227.1ms eq(rs)=['1', '1', '1'] consistent=1 load=9.09
windows.pstree.PsTree py=1.44s(pass1) rs c/s/w=21.1/5.4/5.7ms vr c/w=560.5/96.6ms eq(rs)=['1', '1', '1'] consistent=1 load=9.09
windows.registry.amcache.Amcache py=1.04s(pass1) rs c/s/w=18.4/2.2/1.9ms vr c/w=569.5/86.2ms eq(rs)=['1', '1', '1'] consistent=1 load=9.09
windows.registry.cachedump.Cachedump py=1.95s(pass1) rs c/s/w=20.7/5.0/4.7ms vr c/w=563.4/97.0ms eq(rs)=['1', '1', '1'] consistent=1 load=9.09
windows.registry.certificates.Certificates py=4.28s(pass1) rs c/s/w=19.4/4.7/4.7ms vr c/w=637.4/173.0ms eq(rs)=['1', '1', '1'] consistent=1 load=9.09
windows.registry.getcellroutine.GetCellRoutine py=1.36s(pass1) rs c/s/w=19.8/5.0/4.8ms vr c/w=694.6/227.1ms eq(rs)=['1', '1', '1'] consistent=1 load=9.09
windows.registry.hashdump.Hashdump py=2.07s(pass1) rs c/s/w=20.0/4.9/4.4ms vr c/w=572.0/94.3ms eq(rs)=['1', '1', '1'] consistent=1 load=9.33
windows.registry.hivelist.HiveList py=0.98s(pass1) rs c/s/w=18.3/2.1/2.2ms vr c/w=557.3/83.3ms eq(rs)=['1', '1', '1'] consistent=1 load=9.33
windows.registry.hivescan.HiveScan py=3.28s(pass1) rs c/s/w=18.1/2.9/2.6ms vr c/w=582.1/115.7ms eq(rs)=['1', '1', '1'] consistent=1 load=9.33
windows.registry.lsadump.Lsadump py=2.21s(pass1) rs c/s/w=20.9/4.7/4.8ms vr c/w=573.6/93.7ms eq(rs)=['1', '1', '1'] consistent=1 load=9.33
windows.registry.printkey.PrintKey py=2.38s(pass1) rs c/s/w=21.1/6.6/7.0ms vr c/w=591.9/120.1ms eq(rs)=['1', '1', '1'] consistent=1 load=9.33
windows.registry.scheduled_tasks.ScheduledTasks py=6.14s(pass1) rs c/s/w=19.9/6.1/5.8ms vr c/w=637.6/164.1ms eq(rs)=['1', '1', '1'] consistent=1 load=9.33
windows.registry.userassist.UserAssist py=1.85s(pass1) rs c/s/w=18.9/3.7/3.5ms vr c/w=590.5/110.8ms eq(rs)=['1', '1', '1'] consistent=1 load=9.33
windows.scheduled_tasks.ScheduledTasks py=6.24s(pass1) rs c/s/w=19.3/6.2/6.2ms vr c/w=645.0/164.2ms eq(rs)=['1', '1', '1'] consistent=1 load=9.33
windows.sessions.Sessions py=1.26s(pass1) rs c/s/w=19.6/5.3/5.3ms vr c/w=563.5/92.5ms eq(rs)=['1', '1', '1'] consistent=1 load=9.33
windows.shimcachemem.ShimcacheMem py=1.63s(pass1) rs c/s/w=20.8/3.6/3.5ms vr c/w=562.3/93.2ms eq(rs)=['1', '1', '1'] consistent=1 load=9.33
windows.ssdt.SSDT py=1.17s(pass1) rs c/s/w=19.9/5.3/5.4ms vr c/w=569.9/97.4ms eq(rs)=['1', '1', '1'] consistent=1 load=9.33
windows.suspended_threads.SuspendedThreads py=19.44s(pass1) rs c/s/w=37.6/18.9/17.0ms vr c/w=574.3/103.1ms eq(rs)=['1', '1', '1'] consistent=1 load=9.33
windows.symlinkscan.SymlinkScan py=13.13s(pass1) rs c/s/w=64.9/48.7/4.1ms vr c/w=2633.9/2180.0ms eq(rs)=['1', '1', '1'] consistent=1 load=9.33
windows.thrdscan.ThrdScan py=34.60s(pass1) rs c/s/w=68.9/55.7/10.2ms vr c/w=2827.7/2347.2ms eq(rs)=['1', '1', '1'] consistent=1 load=9.33
windows.threads.Threads py=18.67s(pass1) rs c/s/w=23.0/9.7/10.1ms vr c/w=738.8/263.3ms eq(rs)=['1', '1', '1'] consistent=1 load=9.33
windows.timers.Timers py=1.63s(pass1) rs c/s/w=19.7/5.0/4.7ms vr c/w=563.5/100.3ms eq(rs)=['1', '1', '1'] consistent=1 load=9.33
windows.truecrypt.Passphrase py=0.79s(pass1) rs c/s/w=17.8/2.0/1.6ms vr c/w=549.0/85.1ms eq(rs)=['1', '1', '1'] consistent=1 load=9.33
windows.unloadedmodules.UnloadedModules py=0.78s(pass1) rs c/s/w=18.2/1.8/1.9ms vr c/w=549.1/82.5ms eq(rs)=['1', '1', '1'] consistent=1 load=9.33
windows.vadinfo.VadInfo py=105.40s(pass1) rs c/s/w=27.3/14.3/13.5ms vr c/w=919.4/456.3ms eq(rs)=['1', '1', '1'] consistent=1 load=9.33
windows.vadwalk.VadWalk py=19.89s(pass1) rs c/s/w=24.1/10.6/10.5ms vr c/w=791.2/316.4ms eq(rs)=['1', '1', '1'] consistent=1 load=8.82
windows.verinfo.VerInfo py=49.59s(pass1) rs c/s/w=29.9/15.9/15.6ms vr c/w=751.7/282.2ms eq(rs)=['1', '1', '1'] consistent=1 load=8.82
windows.virtmap.VirtMap py=0.72s(pass1) rs c/s/w=16.9/1.7/1.8ms vr c/w=551.6/82.5ms eq(rs)=['1', '1', '1'] consistent=1 load=8.82
windows.windows.Windows py=17.95s(pass1) rs c/s/w=67.9/52.9/10.8ms vr c/w=2746.3/2284.2ms eq(rs)=['0', '0', '0'] consistent=1 load=8.82
windows.windowstations.WindowStations py=17.14s(pass1) rs c/s/w=63.6/50.8/8.5ms vr c/w=2672.9/2321.7ms eq(rs)=['1', '1', '1'] consistent=1 load=8.82
windows.statistics.Statistics py=1686.76s(pass1) rs c/s/w=26.3/12.7/13.1ms vr c/w=71675.8/70060.3ms eq(rs)=['1', '1', '1'] consistent=1 load=8.82
timeliner.Timeliner py=1468.70s(pass1) rs c/s/w=1102.5/1054.3/726.7ms vr c/w=19306.8/18646.4ms eq(rs)=['0', '0', '0'] consistent=1 load=8.82
