banners.Banners py=15.49s vr=455ms rs=194ms load=10.1
frameworkinfo.FrameworkInfo py=0.44s vr=4ms rs=3ms load=10.8
isfinfo.IsfInfo py=0.29s vr=3ms rs=2ms load=10.8
vmscan.Vmscan py=2.94s vr=3ms rs=112ms load=10.8
windows.amcache.Amcache py=0.89s vr=127ms rs=3ms load=11.0
windows.bigpools.BigPools py=5.82s vr=175ms rs=7ms load=11.0
windows.cachedump.Cachedump py=1.58s vr=81ms rs=7ms load=11.1
windows.callbacks.Callbacks py=12.32s vr=1297ms rs=65ms load=11.0
windows.cmdline.CmdLine py=0.61s vr=54ms rs=2ms load=10.4
windows.cmdscan.CmdScan py=3.42s vr=181ms rs=7ms load=10.4
windows.consoles.Consoles py=4.71s vr=176ms rs=5ms load=9.8
windows.crashinfo.Crashinfo py=0.31s vr=53ms rs=1ms load=9.4
windows.debugregisters.DebugRegisters py=11.13s vr=57ms rs=6ms load=9.4
windows.deskscan.DeskScan py=8.59s vr=1038ms rs=61ms load=8.7
windows.desktops.Desktops py=12.25s vr=988ms rs=48ms load=8.6
windows.devicetree.DeviceTree py=10.64s vr=1107ms rs=63ms load=8.7
windows.dlllist.DllList py=4.56s vr=178ms rs=8ms load=10.7
windows.driverirp.DriverIrp py=8.61s vr=1010ms rs=52ms load=10.3
windows.drivermodule.DriverModule py=8.11s vr=1120ms rs=48ms load=9.6
windows.driverscan.DriverScan py=8.38s vr=929ms rs=46ms load=9.0
windows.dumpfiles.DumpFiles py=100.55s vr=10276ms rs=934ms load=9.0
windows.envars.Envars py=2.01s vr=72ms rs=5ms load=12.0
windows.etwpatch.EtwPatch py=16.84s vr=232ms rs=40ms load=12.0
windows.filescan.FileScan py=17.73s vr=1117ms rs=62ms load=12.6
windows.getservicesids.GetServiceSIDs py=2.42s vr=134ms rs=3ms load=11.6
windows.getsids.GetSIDs py=3.40s vr=126ms rs=6ms load=11.8
windows.handles.Handles py=23.79s vr=529ms rs=41ms load=12.3
windows.hashdump.Hashdump py=1.33s vr=61ms rs=3ms load=10.6
windows.iat.IAT py=3.08s vr=90ms rs=9ms load=10.6
windows.info.Info py=0.55s vr=103ms rs=2ms load=10.2
windows.joblinks.JobLinks py=0.79s vr=60ms rs=3ms load=10.2
windows.kpcrs.KPCRs py=0.60s vr=66ms rs=1ms load=10.2
windows.lsadump.Lsadump py=1.31s vr=73ms rs=3ms load=10.2
windows.malware.drivermodule.DriverModule py=8.03s vr=1130ms rs=49ms load=9.9
windows.mbrscan.MBRScan py=9.83s vr=491ms rs=182ms load=9.4
windows.modscan.ModScan py=8.95s vr=976ms rs=59ms load=9.1
windows.modules.Modules py=0.59s vr=51ms rs=2ms load=10.6
windows.mutantscan.MutantScan py=8.62s vr=1234ms rs=47ms load=10.6
windows.netscan.NetScan py=12.36s vr=1017ms rs=57ms load=11.5
windows.netstat.NetStat py=0.74s vr=290ms rs=3ms load=12.8
windows.orphan_kernel_threads.Threads py=13.52s vr=956ms rs=47ms load=12.8
windows.pe_symbols.PESymbols py=0.39s vr=2ms rs=1ms load=13.7
windows.poolscanner.PoolScanner py=24.41s vr=1260ms rs=71ms load=13.5
windows.privileges.Privs py=0.72s vr=54ms rs=4ms load=13.7
windows.pslist.PsList py=0.66s vr=50ms rs=2ms load=13.7
windows.psscan.PsScan py=11.55s vr=941ms rs=44ms load=13.0
windows.pstree.PsTree py=0.85s vr=60ms rs=3ms load=13.1
windows.registry.amcache.Amcache py=0.73s vr=55ms rs=2ms load=12.5
windows.registry.cachedump.Cachedump py=1.62s vr=71ms rs=3ms load=12.5
windows.registry.certificates.Certificates py=3.53s vr=110ms rs=5ms load=12.5
windows.registry.getcellroutine.GetCellRoutine py=1.31s vr=178ms rs=3ms load=12.3
windows.registry.hashdump.Hashdump py=1.72s vr=77ms rs=5ms load=12.3
windows.registry.hivelist.HiveList py=0.88s vr=67ms rs=4ms load=12.3
windows.registry.hivescan.HiveScan py=2.75s vr=111ms rs=3ms load=12.3
windows.registry.lsadump.Lsadump py=2.84s vr=203ms rs=3ms load=12.9
windows.registry.printkey.PrintKey py=2.00s vr=80ms rs=3ms load=12.9
windows.registry.scheduled_tasks.ScheduledTasks py=4.68s vr=115ms rs=5ms load=12.6
windows.registry.userassist.UserAssist py=2.76s vr=343ms rs=4ms load=12.5
windows.scheduled_tasks.ScheduledTasks py=5.69s vr=174ms rs=6ms load=13.7
windows.sessions.Sessions py=1.53s vr=234ms rs=10ms load=13.9
windows.shimcachemem.ShimcacheMem py=2.44s vr=183ms rs=9ms load=13.9
windows.ssdt.SSDT py=1.36s vr=139ms rs=11ms load=14.7
windows.suspended_threads.SuspendedThreads py=13.20s vr=100ms rs=26ms load=14.7
windows.symlinkscan.SymlinkScan py=7.78s vr=894ms rs=45ms load=14.2
windows.thrdscan.ThrdScan py=19.52s vr=1292ms rs=58ms load=14.0
windows.threads.Threads py=9.97s vr=142ms rs=5ms load=13.4
windows.timers.Timers py=0.97s vr=55ms rs=4ms load=12.0
windows.truecrypt.Passphrase py=0.51s vr=49ms rs=1ms load=12.0
windows.unloadedmodules.UnloadedModules py=0.47s vr=47ms rs=1ms load=11.8
windows.vadinfo.VadInfo py=59.18s vr=232ms rs=9ms load=11.8
windows.vadwalk.VadWalk py=12.78s vr=176ms rs=8ms load=8.3
windows.verinfo.VerInfo py=39.35s vr=271ms rs=17ms load=9.3
windows.virtmap.VirtMap py=0.63s vr=55ms rs=1ms load=9.9
windows.windows.Windows py=11.85s vr=1019ms rs=62ms load=9.9
windows.windowstations.WindowStations py=9.45s vr=920ms rs=45ms load=11.4
