banners.Banners py=21.56s(pass1) rs c/s/w=116.3/114.2/2.5ms vr c/w=397.6/394.6ms eq(rs)=['1', '1', '1'] consistent=1 load=10.31
linux.bash.Bash py=10.21s(pass1) rs c/s/w=530.1/10.2/9.9ms vr c/w=2214.3/209.4ms eq(rs)=['1', '1', '1'] consistent=1 load=11.97
linux.boottime.Boottime py=8.00s(pass1) rs c/s/w=528.5/3.5/3.2ms vr c/w=2087.2/132.0ms eq(rs)=['1', '1', '1'] consistent=1 load=10.89
linux.capabilities.Capabilities py=8.21s(pass1) rs c/s/w=537.1/7.3/6.5ms vr c/w=2066.2/130.3ms eq(rs)=['1', '1', '1'] consistent=1 load=8.70
linux.check_afinfo.Check_afinfo py=20.19s(pass1) rs c/s/w=535.3/5.4/5.0ms vr c/w=2262.3/322.1ms eq(rs)=['1', '1', '1'] consistent=1 load=6.99
linux.check_creds.Check_creds py=9.73s(pass1) rs c/s/w=536.7/3.7/3.1ms vr c/w=2094.7/129.3ms eq(rs)=['1', '1', '1'] consistent=1 load=5.66
linux.check_idt.Check_idt py=28.25s(pass1) rs c/s/w=536.2/12.9/12.3ms vr c/w=2314.9/313.0ms eq(rs)=['1', '1', '1'] consistent=1 load=4.63
linux.check_modules.Check_modules py=9.35s(pass1) rs c/s/w=541.3/3.5/3.2ms vr c/w=2079.2/126.1ms eq(rs)=['1', '1', '1'] consistent=1 load=3.74
linux.check_syscall.Check_syscall py=22.01s(pass1) rs c/s/w=529.3/9.1/9.9ms vr c/w=2430.7/494.3ms eq(rs)=['1', '1', '1'] consistent=1 load=5.64
linux.ebpf.EBPF py=8.71s(pass1) rs c/s/w=533.1/2.8/2.4ms vr c/w=2042.3/136.6ms eq(rs)=['1', '1', '1'] consistent=1 load=4.61
linux.elfs.Elfs py=13.57s(pass1) rs c/s/w=543.1/18.3/17.3ms vr c/w=2277.3/278.5ms eq(rs)=['1', '1', '1'] consistent=1 load=3.81
linux.envars.Envars py=8.11s(pass1) rs c/s/w=545.5/7.5/7.8ms vr c/w=2082.1/135.1ms eq(rs)=['1', '1', '1'] consistent=1 load=2.94
linux.graphics.fbdev.Fbdev py=6.12s(fresh) rs c/s/w=530.9/2.3/1.8ms vr c/w=2108.0/123.3ms eq(rs)=['1', '1', '1'] consistent=1 load=2.51
linux.hidden_modules.Hidden_modules py=17.42s(pass1) rs c/s/w=557.0/8.4/7.9ms vr c/w=2513.4/588.7ms eq(rs)=['1', '1', '1'] consistent=1 load=1.90
linux.iomem.IOMem py=9.14s(pass1) rs c/s/w=536.7/2.5/2.9ms vr c/w=2073.8/123.3ms eq(rs)=['1', '1', '1'] consistent=1 load=1.65
linux.ip.Addr py=10.62s(fresh) rs c/s/w=553.3/3.1/3.3ms vr c/w=2058.1/124.9ms eq(rs)=['1', '1', '1'] consistent=1 load=1.50
linux.ip.Link py=9.21s(fresh) rs c/s/w=557.6/2.5/2.4ms vr c/w=2055.6/125.2ms eq(rs)=['1', '1', '1'] consistent=1 load=1.35
linux.kallsyms.Kallsyms py=105.37s(pass1) rs c/s/w=610.4/102.4/99.9ms vr c/w=3170.4/1170.3ms eq(rs)=['1', '1', '1'] consistent=1 load=1.21
linux.keyboard_notifiers.Keyboard_notifiers py=19.50s(pass1) rs c/s/w=555.7/10.1/9.4ms vr c/w=2251.4/318.4ms eq(rs)=['1', '1', '1'] consistent=1 load=1.12
linux.kmsg.Kmsg py=8.34s(pass1) rs c/s/w=533.9/4.3/3.6ms vr c/w=2084.9/135.1ms eq(rs)=['1', '1', '1'] consistent=1 load=1.10
linux.kthreads.Kthreads py=27.17s(pass1) rs c/s/w=545.6/34.0/33.0ms vr c/w=2257.4/328.5ms eq(rs)=['1', '1', '1'] consistent=1 load=1.07
linux.library_list.LibraryList py=43.77s(pass1) rs c/s/w=539.2/19.2/18.5ms vr c/w=2209.2/270.7ms eq(rs)=['1', '1', '1'] consistent=1 load=1.05
linux.lsmod.Lsmod py=15.90s(pass1) rs c/s/w=548.3/3.9/3.5ms vr c/w=2111.6/129.3ms eq(rs)=['1', '1', '1'] consistent=1 load=1.04
linux.lsof.Lsof py=24.84s(fresh) rs c/s/w=541.0/13.1/13.0ms vr c/w=2141.3/178.8ms eq(rs)=['1', '1', '1'] consistent=1 load=4.39
linux.malfind.Malfind py=31.59s(pass1) rs c/s/w=538.6/14.9/14.5ms vr c/w=2378.6/431.2ms eq(rs)=['1', '1', '1'] consistent=1 load=2.14
linux.malware.check_afinfo.Check_afinfo py=17.31s(pass1) rs c/s/w=546.4/5.0/5.1ms vr c/w=2260.2/313.1ms eq(rs)=['1', '1', '1'] consistent=1 load=3.37
linux.malware.check_creds.Check_creds py=9.17s(pass1) rs c/s/w=532.9/3.4/3.6ms vr c/w=2032.9/130.9ms eq(rs)=['1', '1', '1'] consistent=1 load=2.84
linux.malware.check_idt.Check_idt py=30.09s(pass1) rs c/s/w=536.4/12.7/12.7ms vr c/w=2312.5/312.9ms eq(rs)=['1', '1', '1'] consistent=1 load=2.43
linux.malware.check_modules.Check_modules py=7.89s(pass1) rs c/s/w=534.5/3.8/4.1ms vr c/w=2186.9/126.4ms eq(rs)=['1', '1', '1'] consistent=1 load=2.11
linux.malware.check_syscall.Check_syscall py=29.14s(pass1) rs c/s/w=548.4/9.7/9.8ms vr c/w=2532.0/512.3ms eq(rs)=['1', '1', '1'] consistent=1 load=1.94
linux.malware.hidden_modules.Hidden_modules py=18.28s(pass1) rs c/s/w=546.3/8.6/8.5ms vr c/w=2495.0/584.6ms eq(rs)=['1', '1', '1'] consistent=1 load=1.67
linux.malware.keyboard_notifiers.Keyboard_notifiers py=19.19s(pass1) rs c/s/w=559.0/10.2/9.8ms vr c/w=2272.5/314.6ms eq(rs)=['1', '1', '1'] consistent=1 load=5.93
linux.malware.malfind.Malfind py=34.63s(pass1) rs c/s/w=543.6/14.7/14.1ms vr c/w=2504.3/416.4ms eq(rs)=['1', '1', '1'] consistent=1 load=4.53
linux.malware.modxview.Modxview py=19.57s(pass1) rs c/s/w=533.7/10.1/9.4ms vr c/w=2497.0/567.7ms eq(rs)=['1', '1', '1'] consistent=1 load=3.75
linux.malware.netfilter.Netfilter py=37.23s(pass1) rs c/s/w=532.0/14.2/13.0ms vr c/w=2230.8/310.5ms eq(rs)=['1', '1', '1'] consistent=1 load=2.97
linux.malware.process_spoofing.ProcessSpoofing py=10.48s(pass1) rs c/s/w=529.4/7.9/8.2ms vr c/w=2083.9/135.8ms eq(rs)=['1', '1', '1'] consistent=1 load=2.41
linux.malware.tty_check.Tty_Check py=27.70s(pass1) rs c/s/w=537.3/13.8/12.7ms vr c/w=2265.0/311.1ms eq(rs)=['1', '1', '1'] consistent=1 load=2.10
linux.modxview.Modxview py=17.78s(pass1) rs c/s/w=540.2/10.1/10.1ms vr c/w=2481.0/579.9ms eq(rs)=['1', '1', '1'] consistent=1 load=1.85
linux.mountinfo.MountInfo py=11.89s(fresh) rs c/s/w=543.6/12.2/11.9ms vr c/w=2056.6/151.1ms eq(rs)=['1', '1', '1'] consistent=1 load=1.61
linux.netfilter.Netfilter py=39.74s(pass1) rs c/s/w=545.3/13.4/13.3ms vr c/w=2281.2/322.5ms eq(rs)=['1', '1', '1'] consistent=1 load=1.31
linux.pagecache.Files py=58.40s(fresh) rs c/s/w=580.5/79.6/80.0ms vr c/w=2954.3/1014.6ms eq(rs)=['1', '1', '1'] consistent=1 load=1.24
linux.pagecache.InodePages py=7.62s(fresh) rs c/s/w=531.6/2.3/2.4ms vr c/w=2132.6/124.5ms eq(rs)=['1', '1', '1'] consistent=1 load=1.08
linux.pidhashtable.PIDHashTable py=10.53s(pass1) rs c/s/w=532.1/8.9/8.4ms vr c/w=2060.4/136.4ms eq(rs)=['1', '1', '1'] consistent=1 load=3.33
linux.proc.Maps py=41.70s(pass1) rs c/s/w=551.7/17.3/16.3ms vr c/w=2397.0/449.4ms eq(rs)=['1', '1', '1'] consistent=1 load=3.83
linux.psaux.PsAux py=8.90s(pass1) rs c/s/w=547.8/7.5/7.5ms vr c/w=2082.3/132.0ms eq(rs)=['1', '1', '1'] consistent=1 load=3.20
linux.pslist.PsList py=10.59s(pass1) rs c/s/w=552.2/4.4/4.0ms vr c/w=2081.9/131.5ms eq(rs)=['1', '1', '1'] consistent=1 load=3.97
linux.psscan.PsScan py=58.63s(pass1) rs c/s/w=643.0/145.1/35.1ms vr c/w=2385.8/486.2ms eq(rs)=['1', '1', '1'] consistent=1 load=3.38
linux.pstree.PsTree py=8.89s(pass1) rs c/s/w=536.0/4.8/4.2ms vr c/w=2098.6/130.6ms eq(rs)=['1', '1', '1'] consistent=1 load=3.00
linux.ptrace.Ptrace py=8.54s(pass1) rs c/s/w=532.5/6.5/6.2ms vr c/w=2102.6/138.2ms eq(rs)=['1', '1', '1'] consistent=1 load=2.56
linux.sockscan.Sockscan py=27.16s(fresh) rs c/s/w=630.5/117.1/10.0ms vr c/w=2216.2/425.0ms eq(rs)=['1', '1', '1'] consistent=1 load=2.21
linux.sockstat.Sockstat py=19.34s(fresh) rs c/s/w=556.1/13.2/13.5ms vr c/w=2087.6/182.6ms eq(rs)=['1', '1', '1'] consistent=1 load=3.45
linux.tracing.ftrace.CheckFtrace py=25.89s(pass1) rs c/s/w=538.0/13.1/12.3ms vr c/w=2262.4/314.6ms eq(rs)=['1', '1', '1'] consistent=1 load=1.97
linux.tracing.perf_events.PerfEvents py=8.22s(pass1) rs c/s/w=552.6/4.3/3.8ms vr c/w=2177.8/130.0ms eq(rs)=['1', '1', '1'] consistent=1 load=1.76
linux.tracing.tracepoints.CheckTracepoints py=25.14s(pass1) rs c/s/w=532.0/13.3/11.9ms vr c/w=2273.8/331.7ms eq(rs)=['1', '1', '1'] consistent=1 load=1.59
linux.tty_check.tty_check py=24.36s(pass1) rs c/s/w=538.3/13.4/13.9ms vr c/w=2232.9/313.7ms eq(rs)=['1', '1', '1'] consistent=1 load=2.73
linux.vmcoreinfo.VMCoreInfo py=9.23s(pass1) rs c/s/w=637.7/121.6/120.8ms vr c/w=3046.7/1206.9ms eq(rs)=['1', '1', '1'] consistent=1 load=4.48
linux.pagecache.RecoverFs py=710.99s(fresh) rs c/s/w=3884.8/3431.3/3475.9ms vr c/w=86708.7/85863.9ms eq(rs)=['1', '1', '1'] consistent=1 load=8.95
linux.pscallstack.PsCallStack py=650.81s(pass1) rs c/s/w=549.3/17.4/18.6ms vr c/w=2508.8/534.6ms eq(rs)=['1', '1', '1'] consistent=1 load=1.05
timeliner.Timeliner py=262.11s(pass1) rs c/s/w=681.5/209.6/128.1ms vr c/w=3134.5/1244.7ms eq(rs)=['0', '0', '0'] consistent=1 load=1.03
