06:03:49 0.55 0.83 0.45 2/937 187774
06:03:59 5.31 1.84 0.79 11/965 188930
06:04:09 7.01 2.34 0.96 2/965 190715
06:04:19 6.08 2.29 0.96 2/965 192294
06:04:29 7.44 2.72 1.12 22/965 192907
06:04:39 7.01 2.78 1.15 2/965 193553
06:04:49 7.85 3.12 1.28 7/965 193912
06:04:59 6.80 3.05 1.27 2/965 197134
06:05:09 5.91 2.98 1.27 2/965 199372
06:05:19 5.63 3.01 1.30 29/963 202313
06:05:29 5.56 3.08 1.34 2/962 202967
06:05:39 6.54 3.37 1.45 2/962 203621
06:05:49 8.52 3.89 1.64 2/962 204150
06:05:59 7.36 3.80 1.64 29/960 204939
06:06:09 6.38 3.70 1.63 2/960 205649
06:06:19 8.53 4.26 1.83 32/959 206175
06:06:30 11.24 4.97 2.09 2/955 206812
06:06:40 13.25 5.62 2.33 2/955 207482
06:06:50 11.37 5.46 2.32 28/955 208858
06:07:00 11.70 5.71 2.43 29/955 209528
06:07:10 12.50 6.09 2.59 2/955 210198
06:07:20 14.31 6.69 2.82 2/955 210990
06:07:30 16.26 7.36 3.08 2/954 211361
06:07:40 15.75 7.56 3.19 28/954 212073
06:07:50 13.48 7.34 3.17 2/955 212906
06:08:00 11.56 7.13 3.15 29/955 213576
06:08:10 9.94 6.93 3.12 31/951 214246
06:08:20 9.08 6.85 3.14 3/952 214529
06:08:30 7.84 6.66 3.11 2/952 214919
06:08:40 7.08 6.54 3.11 3/949 214959
06:08:50 6.14 6.35 3.09 2/949 215389
06:09:00 5.43 6.19 3.07 2/949 215466
06:09:10 4.75 6.02 3.05 2/950 215859
06:09:20 4.17 5.85 3.03 2/950 215936
06:09:30 3.68 5.69 3.00 3/950 216326
06:09:40 3.27 5.54 2.98 2/950 216365
06:09:50 2.92 5.39 2.96 2/951 216796
06:10:00 2.77 5.28 2.95 2/951 216873
06:10:10 3.94 5.43 3.03 2/953 218818
06:10:20 5.77 5.80 3.17 26/953 221329
06:10:30 5.04 5.64 3.15 31/953 222037
06:10:40 5.86 5.78 3.22 2/953 222745
06:10:50 6.73 5.98 3.31 2/921 223690
06:11:00 5.85 5.82 3.29 2/953 225234
06:11:10 5.10 5.66 3.26 2/953 226503
06:11:20 4.47 5.51 3.24 3/953 228569
06:11:30 3.94 5.36 3.21 2/953 230285
06:11:40 5.62 5.69 3.35 24/953 230960
06:11:50 4.91 5.53 3.32 27/953 231670
06:12:00 4.31 5.38 3.30 34/953 232370
06:12:10 3.80 5.24 3.27 33/954 233194
06:12:20 5.61 5.56 3.40 2/954 233987
06:12:30 9.12 6.32 3.67 28/954 234598
06:12:40 7.87 6.14 3.64 16/954 235242
06:12:50 9.05 6.44 3.76 2/954 236314
06:13:00 10.61 6.87 3.93 2/953 236966
06:13:10 12.99 7.50 4.16 3/953 237656
06:13:20 15.08 8.12 4.40 2/952 238378
06:13:30 15.05 8.36 4.52 29/951 239177
06:13:40 12.89 8.12 4.48 21/951 240009
06:13:50 11.06 7.89 4.45 2/951 240963
06:14:00 13.52 8.52 4.69 47/981 241811
06:14:10 11.60 8.27 4.65 27/949 242375
06:14:20 12.39 8.55 4.78 26/949 243085
06:14:30 11.23 8.44 4.78 13/949 243644
06:14:40 10.61 8.40 4.81 26/947 244358
06:14:50 9.95 8.34 4.83 13/947 244788
06:15:00 9.17 8.23 4.83 31/945 245881
06:15:10 7.91 7.99 4.79 21/944 247298
06:15:20 9.65 8.34 4.94 28/944 248032
06:15:30 10.16 8.48 5.02 30/944 248728
06:15:40 10.89 8.71 5.13 2/912 250189
06:15:50 9.37 8.45 5.09 2/945 251565
06:16:00 8.08 8.21 5.04 2/945 252831
06:16:10 6.99 7.97 5.00 2/945 254310
06:16:20 6.07 7.74 4.95 2/945 255915
06:16:30 5.29 7.52 4.91 3/945 257443
06:16:40 4.63 7.30 4.87 2/945 259321
06:16:50 4.07 7.09 4.83 4/947 262702
06:17:00 3.60 6.89 4.79 26/947 263352
06:17:10 5.34 7.17 4.90 25/948 264006
06:17:20 8.22 7.73 5.11 2/947 264890
06:17:30 7.19 7.52 5.07 30/947 265949
06:17:40 6.48 7.36 5.04 2/947 267079
06:17:50 7.84 7.64 5.16 3/951 269316
06:18:00 6.79 7.42 5.11 3/947 270774
06:18:10 5.90 7.21 5.07 2/948 272135
06:18:20 5.15 7.00 5.02 2/916 274047
06:18:30 4.51 6.80 4.98 2/948 275716
06:18:40 3.97 6.61 4.94 2/916 275724
06:18:50 3.51 6.43 4.89 6/947 276049
06:19:00 3.13 6.25 4.85 2/915 276208
06:19:10 2.80 6.07 4.81 2/915 276214
06:19:20 2.82 5.97 4.79 2/915 276574
06:19:30 2.54 5.81 4.75 2/915 276582
06:19:40 4.62 6.13 4.86 3/947 276975
06:19:50 4.07 5.96 4.82 3/947 277685
06:20:00 7.32 6.60 5.04 2/946 278576
06:20:10 10.19 7.24 5.27 2/947 278972
06:20:20 8.77 7.04 5.22 20/948 279683
06:20:30 7.58 6.84 5.18 2/949 279763
06:20:40 6.57 6.64 5.13 2/949 279769
06:20:50 5.71 6.46 5.09 2/950 279776
06:21:00 4.99 6.28 5.04 2/950 279822
06:21:10 4.37 6.10 5.00 2/949 279828
06:21:20 3.85 5.93 4.96 2/949 279872
06:21:30 3.41 5.77 4.91 2/949 279878
06:21:40 3.04 5.61 4.87 2/949 279956
06:21:50 2.73 5.46 4.83 2/949 279962
06:22:00 2.46 5.31 4.79 2/948 280008
06:22:10 2.24 5.17 4.75 2/949 280053
06:22:20 2.05 5.03 4.71 2/947 280059
06:22:30 1.89 4.90 4.67 3/947 280065
06:22:40 1.75 4.77 4.63 2/947 280071
06:22:50 1.63 4.65 4.59 2/947 280148
06:23:00 1.54 4.53 4.55 2/948 280195
06:23:10 1.45 4.41 4.51 2/947 280201
06:23:20 1.38 4.30 4.47 2/947 280207
06:23:30 1.32 4.19 4.43 2/947 280213
06:23:40 1.27 4.08 4.40 2/947 280257
06:23:50 1.23 3.98 4.36 2/947 280263
06:24:00 1.20 3.88 4.32 2/947 280381
06:24:10 1.16 3.79 4.29 2/947 280387
06:24:20 1.14 3.69 4.25 2/947 280431
06:24:30 1.12 3.61 4.22 2/947 280439
06:24:40 1.10 3.52 4.18 2/947 280445
06:24:50 1.08 3.44 4.15 2/947 280451
06:25:00 1.07 3.35 4.11 2/948 280498
06:25:10 1.06 3.28 4.08 2/948 280547
06:25:20 1.05 3.20 4.05 2/948 280586
06:25:30 1.04 3.13 4.01 2/944 280592
06:25:40 1.03 3.06 3.98 2/944 280598
06:25:50 1.03 2.99 3.95 2/945 280643
06:26:00 1.02 2.92 3.91 2/945 280689
06:26:10 1.02 2.86 3.88 2/945 280695
06:26:20 1.02 2.80 3.85 2/945 280701
06:26:30 1.01 2.74 3.82 2/945 280779
06:26:40 1.01 2.68 3.79 2/946 280824
06:26:50 1.01 2.62 3.76 2/946 280827
06:27:00 1.01 2.57 3.73 2/946 280873
06:27:10 1.01 2.52 3.70 2/946 280879
06:27:20 1.00 2.47 3.67 2/946 280923
06:27:30 1.00 2.42 3.64 2/946 280929
06:27:40 1.00 2.37 3.61 3/946 280968
06:27:50 1.00 2.33 3.58 2/946 280974
06:28:00 1.00 2.28 3.56 2/946 281020
06:28:10 1.00 2.24 3.53 2/946 281064
06:28:20 1.00 2.20 3.50 2/946 281070
06:28:30 1.00 2.16 3.47 2/947 281077
06:28:40 1.00 2.12 3.45 2/947 281083
06:28:50 1.00 2.08 3.42 2/947 281239
06:29:00 1.00 2.04 3.39 2/947 281285
06:29:10 1.00 2.01 3.37 2/947 281329
06:29:21 1.00 1.98 3.34 2/947 281335
06:29:31 1.00 1.94 3.32 2/947 281341
06:29:41 1.00 1.91 3.29 2/947 281349
06:29:51 1.00 1.88 3.26 2/947 281393
06:30:01 1.07 1.87 3.25 3/948 281473
06:30:11 1.06 1.84 3.22 2/949 281484
06:30:21 1.05 1.81 3.20 2/949 281490
06:30:31 1.04 1.78 3.17 2/948 281496
06:30:41 1.04 1.76 3.15 3/948 281540
06:30:51 1.03 1.73 3.13 3/948 281546
06:31:01 1.02 1.71 3.10 2/948 281592
06:31:11 1.02 1.68 3.08 2/947 281670
06:31:21 1.02 1.66 3.06 2/947 281714
06:31:31 1.01 1.64 3.03 2/947 281720
06:31:41 1.01 1.62 3.01 2/947 281726
06:31:51 1.01 1.60 2.99 2/947 281732
06:32:01 1.01 1.58 2.97 2/947 281778
06:32:11 1.01 1.56 2.95 2/947 281823
06:32:21 1.00 1.54 2.92 2/946 281862
06:32:31 1.00 1.52 2.90 2/946 281868
06:32:41 1.00 1.50 2.88 2/946 281874
06:32:51 1.00 1.49 2.86 2/946 281880
06:33:01 1.00 1.47 2.84 2/947 281965
06:33:11 1.00 1.45 2.82 2/947 281971
06:33:21 1.00 1.44 2.80 2/947 281977
06:33:31 1.00 1.42 2.78 45/991 282673
06:33:41 3.16 1.86 2.91 27/946 284427
06:33:51 2.83 1.83 2.89 3/946 284433
06:34:01 2.55 1.80 2.87 2/913 287104
06:34:11 4.63 2.26 3.00 30/946 287140
06:34:21 4.07 2.21 2.98 2/913 287146
06:34:31 5.60 2.59 3.09 25/947 287224
06:34:41 4.89 2.54 3.07 2/914 287230
06:34:51 8.30 3.34 3.33 2/947 289890
06:35:01 10.46 3.97 3.53 2/947 289936
06:35:11 11.01 4.29 3.64 27/947 290016
06:35:21 10.87 4.49 3.71 2/946 290022
06:35:31 9.43 4.39 3.69 3/912 292123
06:35:41 8.14 4.28 3.66 2/945 292687
06:35:51 8.95 4.60 3.77 2/945 292693
06:36:01 7.73 4.48 3.74 2/946 292811
06:36:11 8.02 4.66 3.81 2/946 292817
06:36:21 6.94 4.54 3.78 2/946 295481
06:36:31 9.15 5.09 3.97 2/947 295488
06:36:41 7.89 4.96 3.93 28/947 295565
06:36:51 9.28 5.37 4.08 28/947 295571
06:37:01 8.01 5.22 4.05 97/1054 296460
06:37:11 9.22 5.56 4.17 28/947 298282
06:37:21 10.10 5.87 4.29 2/947 298288
06:37:31 10.70 6.13 4.39 16/947 298365
06:37:41 11.13 6.38 4.49 2/947 298371
06:37:51 11.97 6.70 4.61 33/947 299297
06:38:01 12.69 7.02 4.73 2/946 300509
06:38:11 10.89 6.82 4.69 2/946 301487
06:38:21 9.37 6.62 4.65 2/919 302193
06:38:31 8.08 6.44 4.61 2/951 303137
06:38:41 6.99 6.26 4.58 2/921 303883
06:38:51 6.07 6.09 4.54 2/952 304303
06:39:01 5.29 5.92 4.50 2/921 304821
06:39:11 4.63 5.76 4.46 2/951 305277
06:39:21 4.15 5.62 4.43 2/952 306055
06:39:31 3.74 5.48 4.40 2/952 306687
06:39:41 6.04 5.90 4.54 2/952 307104
06:39:51 5.27 5.73 4.50 2/952 307524
06:40:01 4.61 5.58 4.47 2/952 307943
06:40:11 4.05 5.43 4.43 3/959 308376
06:40:21 3.58 5.28 4.39 2/954 309086
06:40:31 3.11 5.12 4.35 2/954 309890
06:40:41 2.78 4.99 4.31 2/923 310793
06:40:51 2.51 4.85 4.28 2/921 311406
06:41:01 2.36 4.74 4.25 2/953 311586
06:41:11 2.07 4.60 4.21 2/922 311829
06:41:21 1.90 4.48 4.17 2/952 312433
06:41:31 1.76 4.37 4.14 2/951 312884
06:41:41 1.64 4.26 4.10 2/951 313478
06:41:51 1.55 4.15 4.07 2/918 313934
06:42:01 1.46 4.05 4.04 2/918 314082
06:42:11 1.39 3.94 4.00 2/919 314228
06:42:21 1.41 3.86 3.97 2/919 314468
06:42:31 1.35 3.77 3.94 3/919 314832
06:42:41 1.29 3.68 3.91 2/924 314980
06:42:51 1.25 3.59 3.88 2/953 315127
06:43:01 1.21 3.50 3.85 2/953 315544
06:43:11 1.18 3.42 3.82 2/953 316083
06:43:21 1.15 3.34 3.79 26/953 316593
06:43:31 1.12 3.26 3.76 2/917 316833
06:43:41 1.11 3.19 3.73 2/949 317571
06:43:51 1.09 3.11 3.70 2/918 318167
06:44:01 1.07 3.04 3.67 2/951 318759
06:44:11 1.06 2.98 3.64 2/950 319498
06:44:21 1.05 2.91 3.61 2/950 320285
06:44:31 1.04 2.85 3.58 3/950 321090
06:44:41 1.04 2.79 3.55 2/950 321639
06:44:51 4.39 3.43 3.75 21/950 322094
06:45:01 3.87 3.34 3.72 2/918 322175
06:45:11 3.43 3.27 3.69 2/918 322181
06:45:21 3.06 3.19 3.66 2/917 322422
06:45:31 2.74 3.12 3.63 2/918 322467
06:45:41 2.47 3.05 3.60 2/918 322473
06:45:51 2.24 2.98 3.58 2/950 323177
06:46:01 2.05 2.91 3.55 2/950 323949
06:46:11 3.57 3.20 3.63 2/919 324519
06:46:21 3.18 3.13 3.60 2/951 324976
06:46:31 2.84 3.06 3.58 2/919 325394
06:46:41 2.56 2.99 3.55 2/951 325950
06:46:51 2.32 2.92 3.52 2/951 326602
06:47:01 2.11 2.86 3.49 2/951 327318
06:47:11 2.02 2.81 3.47 31/951 327738
06:47:21 1.86 2.75 3.44 2/951 328158
06:47:31 1.73 2.70 3.42 3/951 328575
06:47:41 1.61 2.64 3.39 2/951 329003
06:47:51 6.36 3.62 3.70 2/950 329721
06:48:01 5.54 3.54 3.67 2/919 330334
06:48:11 4.84 3.45 3.64 2/919 331012
06:48:21 4.25 3.37 3.62 3/953 331700
06:48:31 3.75 3.29 3.59 2/951 332481
06:48:41 3.33 3.22 3.56 2/920 332998
06:48:51 2.97 3.14 3.53 2/951 333675
06:49:01 2.66 3.07 3.50 2/951 334414
06:49:11 2.41 3.00 3.48 2/951 335168
06:49:21 2.19 2.94 3.45 2/920 336089
06:49:31 2.01 2.87 3.42 2/918 336875
06:49:41 1.85 2.81 3.40 2/917 337517
06:49:51 1.72 2.75 3.37 2/949 338194
06:50:01 1.61 2.69 3.34 2/918 338665
06:50:11 1.52 2.64 3.32 2/919 338715
06:50:21 1.44 2.58 3.29 2/919 338860
06:50:31 1.37 2.53 3.27 4/923 339101
06:50:41 1.31 2.48 3.24 2/951 339706
06:50:52 1.26 2.43 3.22 2/951 340384
06:51:02 1.22 2.38 3.19 2/919 340786
06:51:12 1.19 2.34 3.17 2/919 340792
06:51:22 1.16 2.29 3.15 2/919 340798
06:51:32 1.13 2.25 3.12 2/919 340804
06:51:42 1.11 2.21 3.10 2/918 340848
06:51:52 1.10 2.17 3.08 2/918 340854
06:52:02 1.08 2.13 3.05 2/918 341189
06:52:12 1.07 2.09 3.03 2/919 341198
06:52:22 1.06 2.05 3.01 3/918 341204
06:52:32 1.05 2.02 2.99 2/918 341248
06:52:42 1.04 1.98 2.97 2/918 341254
06:52:52 1.03 1.95 2.94 4/917 341260
06:53:02 1.03 1.92 2.92 2/948 341594
06:53:12 1.10 1.91 2.91 3/948 342296
06:53:22 1.08 1.88 2.89 3/916 342637
06:53:32 1.07 1.85 2.87 2/916 342782
06:53:42 1.06 1.82 2.85 3/917 343022
06:53:52 3.33 2.30 2.99 2/947 343801
06:54:02 4.08 2.50 3.05 2/947 344832
06:54:12 3.60 2.45 3.03 23/947 345700
06:54:22 3.20 2.40 3.00 2/947 346405
06:54:32 4.23 2.64 3.07 2/947 347177
06:54:42 3.73 2.58 3.05 2/947 347987
06:54:52 3.38 2.55 3.04 2/946 348404
06:55:02 3.02 2.50 3.01 2/914 349784
06:55:12 3.00 2.51 3.01 2/945 351135
06:55:22 2.69 2.46 2.99 38/949 351685
06:55:32 2.43 2.41 2.97 2/942 352438
06:55:42 2.21 2.37 2.95 2/941 353143
06:55:52 2.03 2.32 2.93 2/909 353315
06:56:02 1.87 2.28 2.90 2/911 353320
06:56:12 1.73 2.23 2.88 3/943 353633
06:56:22 1.62 2.19 2.86 3/911 353674
06:56:32 1.52 2.15 2.84 2/911 353680
06:56:42 1.44 2.12 2.82 2/943 353955
06:56:52 3.66 2.58 2.97 2/943 354867
06:57:02 3.25 2.53 2.95 3/911 355013
06:57:12 2.90 2.48 2.92 3/911 355019
06:57:22 2.61 2.43 2.90 2/911 355260
06:57:32 2.36 2.38 2.88 2/911 355266
06:57:42 2.15 2.34 2.86 2/943 355542
06:57:52 1.97 2.29 2.84 3/912 356406
06:58:02 1.82 2.25 2.82 2/912 357084
06:58:12 1.70 2.21 2.80 2/943 357717
06:58:22 1.59 2.17 2.78 2/943 358134
06:58:32 3.05 2.47 2.87 2/943 358911
06:58:42 2.73 2.42 2.85 2/943 359650
06:58:52 4.79 2.86 2.99 2/943 360328
06:59:02 6.77 3.33 3.14 2/943 361210
06:59:12 8.24 3.77 3.29 33/943 362130
06:59:22 7.20 3.70 3.27 33/943 363168
06:59:32 10.72 4.57 3.56 2/912 363441
06:59:42 9.22 4.45 3.53 2/912 363447
06:59:52 7.96 4.33 3.50 2/912 363453
07:00:02 6.89 4.22 3.47 2/912 363459
07:00:12 5.98 4.12 3.45 2/913 363510
07:00:22 5.22 4.01 3.42 2/913 363516
07:00:32 4.57 3.91 3.39 2/913 363522
07:00:42 4.02 3.82 3.37 2/913 363528
07:00:52 3.55 3.72 3.34 2/913 363534
07:01:02 4.60 3.93 3.41 2/912 363777
07:01:12 5.52 4.16 3.49 2/945 364010
07:01:22 4.83 4.06 3.47 2/945 364016
07:01:32 4.24 3.96 3.44 2/945 364022
07:01:42 3.74 3.86 3.41 2/945 364066
07:01:52 3.32 3.77 3.39 2/945 364072
07:02:02 2.96 3.67 3.36 2/945 364078
07:02:12 2.66 3.58 3.34 2/947 364117
07:02:22 2.40 3.50 3.31 2/946 364123
07:02:32 2.19 3.42 3.28 2/946 364167
07:02:42 2.00 3.34 3.26 2/914 364174
07:02:52 1.85 3.26 3.24 2/914 364180
07:03:02 1.72 3.18 3.21 2/914 364186
07:03:12 1.61 3.11 3.19 2/914 364227
07:03:22 1.51 3.04 3.16 2/914 364233
07:03:32 1.43 2.97 3.14 2/914 364239
07:03:42 1.37 2.91 3.12 2/914 364245
07:03:52 1.31 2.85 3.09 2/914 364251
07:04:02 1.26 2.78 3.07 2/915 364296
07:04:12 1.22 2.73 3.05 2/915 364304
07:04:22 1.19 2.67 3.02 2/915 364310
07:04:32 1.16 2.61 3.00 2/915 364316
07:04:42 1.13 2.56 2.98 2/915 364360
07:04:52 1.11 2.51 2.96 2/915 364366
07:05:02 1.09 2.46 2.94 2/915 364375
07:05:12 1.08 2.41 2.92 2/916 364424
07:05:22 1.07 2.36 2.89 2/915 364432
07:05:32 1.06 2.32 2.87 2/915 364476
07:05:42 1.05 2.27 2.85 2/915 364482
07:05:52 1.04 2.23 2.83 2/915 364488
07:06:02 1.03 2.19 2.81 2/915 364494
07:06:12 1.03 2.15 2.79 2/915 364538
07:06:22 1.02 2.11 2.77 2/915 364544
07:06:32 1.02 2.07 2.75 2/913 364550
07:06:42 1.02 2.04 2.73 3/913 364556
07:06:52 1.01 2.00 2.72 3/913 364562
07:07:02 1.01 1.97 2.70 3/914 364607
07:07:12 1.01 1.94 2.68 2/914 364613
07:07:22 1.01 1.91 2.66 2/914 364619
07:07:32 1.00 1.88 2.64 3/913 364625
07:07:42 1.00 1.85 2.62 2/913 364669
07:07:52 1.00 1.82 2.61 2/913 364675
07:08:02 1.00 1.79 2.59 2/913 364681
07:08:12 1.00 1.77 2.57 2/913 364687
07:08:22 1.00 1.74 2.55 2/913 364693
07:08:32 1.00 1.71 2.54 2/914 364738
07:08:42 1.00 1.69 2.52 2/914 364744
07:08:52 1.00 1.67 2.50 2/914 364750
07:09:02 1.00 1.64 2.49 2/914 364756
07:09:12 1.00 1.62 2.47 2/913 364762
07:09:22 1.00 1.60 2.45 2/913 364887
07:09:32 1.00 1.58 2.44 2/913 364893
07:09:42 1.00 1.56 2.42 2/913 364899
07:09:52 1.00 1.54 2.41 2/913 364905
07:10:02 1.00 1.52 2.39 2/915 364917
07:10:12 1.00 1.51 2.37 2/915 364958
07:10:22 1.00 1.49 2.36 2/914 364964
07:10:32 1.00 1.47 2.34 2/913 364972
07:10:42 1.00 1.46 2.33 2/913 364978
07:10:52 1.00 1.44 2.31 2/914 365023
07:11:02 1.00 1.43 2.30 2/914 365029
07:11:12 1.00 1.41 2.29 3/914 365035
07:11:22 1.00 1.40 2.27 2/914 365041
07:11:32 1.00 1.38 2.26 3/914 365047
07:11:42 1.00 1.37 2.24 2/914 365091
07:11:52 1.00 1.36 2.23 2/914 365097
07:12:02 1.00 1.35 2.22 2/913 365103
07:12:12 1.00 1.33 2.20 2/914 365110
07:12:23 1.00 1.32 2.19 2/913 365154
07:12:33 1.00 1.31 2.18 2/913 365160
07:12:43 1.00 1.30 2.16 2/913 365166
07:12:53 1.00 1.29 2.15 2/913 365172
07:13:03 1.00 1.28 2.14 2/913 365178
07:13:13 1.00 1.27 2.12 2/913 365222
07:13:23 1.00 1.26 2.11 2/913 365228
07:13:33 1.00 1.25 2.10 3/912 365234
07:13:43 1.00 1.24 2.09 2/913 365241
07:13:53 1.00 1.23 2.07 2/914 365286
07:14:03 1.00 1.23 2.06 2/914 365292
07:14:13 1.00 1.22 2.05 2/914 365298
07:14:23 1.00 1.21 2.04 2/914 365304
07:14:33 1.00 1.20 2.03 2/914 365310
07:14:43 1.00 1.20 2.02 2/915 365355
07:14:53 1.00 1.19 2.00 2/915 365361
07:15:03 1.00 1.18 1.99 2/915 365370
07:15:13 1.00 1.18 1.98 2/914 365376
07:15:23 1.00 1.17 1.97 2/913 365382
07:15:33 1.00 1.16 1.96 2/914 365427
07:15:43 1.00 1.16 1.95 2/914 365435
07:15:53 1.00 1.15 1.94 2/914 365441
07:16:03 3.56 1.68 2.10 2/913 365741
07:16:13 3.54 1.74 2.12 3/946 365915
07:16:23 3.15 1.71 2.10 2/945 365921
07:16:33 2.82 1.69 2.09 2/946 365928
07:16:43 2.54 1.67 2.08 2/946 365934
07:16:53 2.30 1.64 2.07 2/946 365940
07:17:03 2.10 1.62 2.06 3/946 365987
07:17:13 1.93 1.60 2.04 2/946 365993
07:17:23 1.79 1.58 2.03 2/946 365996
07:17:33 1.66 1.56 2.02 2/946 366002
07:17:43 1.56 1.54 2.01 2/914 366047
07:17:53 1.47 1.52 2.00 2/914 366053
07:18:03 1.40 1.51 1.99 2/914 366059
07:18:13 1.34 1.49 1.97 2/914 366065
07:18:23 1.29 1.47 1.96 2/914 366071
07:18:33 1.24 1.46 1.95 2/915 366116
07:18:43 1.20 1.44 1.94 2/915 366122
07:18:53 1.17 1.43 1.93 2/915 366128
07:19:03 1.15 1.41 1.92 33/946 366331
07:19:13 3.48 1.92 2.08 2/945 366645
07:19:23 3.10 1.89 2.07 2/945 366689
07:19:33 2.78 1.86 2.06 2/945 366695
07:19:43 2.50 1.83 2.05 3/945 366701
07:19:53 2.27 1.80 2.04 2/945 366707
07:20:03 2.07 1.78 2.02 3/946 366756
07:20:13 1.91 1.75 2.01 2/946 366762
07:20:23 1.77 1.72 2.00 2/946 366768
07:20:33 1.65 1.70 1.99 2/947 366775
07:20:43 1.55 1.68 1.98 2/915 366784
07:20:53 1.46 1.65 1.97 2/915 366828
07:21:03 1.39 1.63 1.96 2/915 366834
07:21:13 1.33 1.61 1.95 2/915 366840
07:21:23 1.35 1.61 1.94 2/915 366846
07:21:33 1.30 1.59 1.93 2/915 366890
07:21:43 1.25 1.57 1.92 2/915 366896
07:21:53 1.21 1.55 1.91 2/915 366902
07:22:03 1.18 1.53 1.90 2/915 366908
07:22:13 1.95 1.68 1.94 7/948 367209
07:22:23 1.81 1.66 1.93 2/946 367383
07:22:33 1.68 1.63 1.92 2/946 367389
07:22:43 1.58 1.61 1.91 2/946 367395
07:22:53 1.49 1.59 1.90 2/946 367401
07:23:03 1.41 1.57 1.89 2/946 367445
07:23:13 1.35 1.55 1.88 2/946 367451
07:23:23 1.29 1.53 1.87 2/946 367457
07:23:33 1.25 1.52 1.86 2/946 367463
07:23:43 1.21 1.50 1.85 2/946 367469
07:23:53 1.18 1.48 1.84 2/915 367515
07:24:03 1.15 1.46 1.83 2/914 367521
07:24:13 1.13 1.45 1.82 2/914 367527
07:24:23 1.11 1.43 1.81 2/914 367530
07:24:33 1.09 1.42 1.80 2/914 367536
07:24:43 1.08 1.40 1.80 2/916 367582
07:24:53 1.06 1.39 1.79 2/916 367588
07:25:03 1.05 1.38 1.78 2/916 367597
07:25:13 1.04 1.36 1.77 21/948 367800
07:25:23 1.92 1.55 1.83 2/917 368039
07:25:33 1.78 1.53 1.82 2/949 368078
07:25:43 1.66 1.51 1.81 2/946 368084
07:25:53 1.56 1.49 1.80 2/946 368092
07:26:03 1.47 1.48 1.79 3/946 368098
07:26:13 1.40 1.46 1.78 2/946 368142
07:26:23 1.34 1.45 1.77 3/946 368148
07:26:33 1.28 1.43 1.76 2/947 368155
07:26:43 1.24 1.42 1.75 2/947 368161
07:26:53 1.20 1.40 1.75 2/915 368206
07:27:03 1.17 1.39 1.74 4/915 368212
07:27:13 1.14 1.38 1.73 2/915 368218
07:27:23 1.12 1.36 1.72 2/915 368224
07:27:33 1.10 1.35 1.71 2/915 368230
07:27:43 1.09 1.34 1.70 2/916 368275
07:27:53 1.07 1.33 1.70 3/916 368281
07:28:03 1.06 1.32 1.69 2/916 368287
07:28:13 1.05 1.30 1.68 3/916 368293
07:28:23 1.04 1.29 1.67 18/948 368869
07:28:33 1.04 1.28 1.66 2/948 369341
07:28:43 1.03 1.27 1.66 2/948 370995
07:28:53 1.02 1.26 1.65 2/947 372885
07:29:03 1.02 1.26 1.64 2/915 374742
07:29:13 3.50 1.76 1.80 2/915 375488
