banners.Banners py=29.23s(pass1) rs c/s/w=184.4/183.1/2.3ms vr c/w=624.1/626.3ms eq(rs)=['1', '1', '1'] consistent=1 load=0.55
frameworkinfo.FrameworkInfo py=0.38s(fresh) rs c/s/w=1.6/1.5/1.7ms vr c/w=5.0/3.8ms eq(rs)=['0', '0', '0'] consistent=1 load=5.31
isfinfo.IsfInfo py=0.37s(fresh) rs c/s/w=3.1/2.9/2.8ms vr c/w=3.8/3.7ms eq(rs)=['1', '1', '1'] consistent=1 load=5.31
vmscan.Vmscan py=1.88s(pass1) rs c/s/w=285.8/310.9/15.0ms vr c/w=4.1/4.1ms eq(rs)=['1', '1', '1'] consistent=1 load=5.31
windows.amcache.Amcache py=1.04s(pass1) rs c/s/w=66.2/3.2/2.7ms vr c/w=561.3/84.7ms eq(rs)=['1', '1', '1'] consistent=1 load=7.53
windows.bigpools.BigPools py=4.49s(pass1) rs c/s/w=66.5/10.1/9.2ms vr c/w=616.1/139.2ms eq(rs)=['1', '1', '1'] consistent=1 load=7.01
windows.cachedump.Cachedump py=2.09s(pass1) rs c/s/w=63.8/6.5/5.9ms vr c/w=564.8/96.8ms eq(rs)=['1', '1', '1'] consistent=1 load=6.53
windows.callbacks.Callbacks py=19.44s(pass1) rs c/s/w=130.9/78.4/8.6ms vr c/w=2962.6/2445.9ms eq(rs)=['1', '1', '1'] consistent=1 load=6.08
windows.cmdline.CmdLine py=1.23s(pass1) rs c/s/w=67.2/9.7/9.1ms vr c/w=559.2/91.1ms eq(rs)=['1', '1', '1'] consistent=1 load=7.85
windows.cmdscan.CmdScan py=5.83s(pass1) rs c/s/w=77.7/19.7/16.5ms vr c/w=833.4/360.1ms eq(rs)=['1', '1', '1'] consistent=1 load=7.30
windows.consoles.Consoles py=7.57s(pass1) rs c/s/w=75.6/16.5/17.1ms vr c/w=832.5/359.3ms eq(rs)=['1', '1', '1'] consistent=1 load=6.80
windows.crashinfo.Crashinfo py=0.43s(pass1) rs c/s/w=2.2/2.1/2.2ms vr c/w=554.9/83.8ms eq(rs)=['1', '1', '1'] consistent=1 load=5.91
windows.debugregisters.DebugRegisters py=19.12s(pass1) rs c/s/w=81.2/23.9/24.0ms vr c/w=560.7/94.8ms eq(rs)=['1', '1', '1'] consistent=1 load=5.91
windows.deskscan.DeskScan py=13.77s(pass1) rs c/s/w=134.6/78.1/11.6ms vr c/w=2619.1/2171.4ms eq(rs)=['1', '1', '1'] consistent=1 load=5.51
windows.desktops.Desktops py=17.25s(pass1) rs c/s/w=145.4/82.5/20.4ms vr c/w=2706.4/2217.4ms eq(rs)=['1', '1', '1'] consistent=1 load=6.74
windows.devicetree.DeviceTree py=13.84s(pass1) rs c/s/w=132.8/76.8/9.8ms vr c/w=2658.4/2184.6ms eq(rs)=['1', '1', '1'] consistent=1 load=7.88
windows.dlllist.DllList py=8.46s(pass1) rs c/s/w=85.5/26.8/26.8ms vr c/w=702.9/226.6ms eq(rs)=['1', '1', '1'] consistent=1 load=13.25
windows.driverirp.DriverIrp py=14.82s(pass1) rs c/s/w=135.5/79.6/14.6ms vr c/w=2666.2/2171.2ms eq(rs)=['1', '1', '1'] consistent=1 load=12.27
windows.drivermodule.DriverModule py=13.73s(pass1) rs c/s/w=131.9/78.8/8.8ms vr c/w=2587.7/2147.8ms eq(rs)=['1', '1', '1'] consistent=1 load=13.90
windows.driverscan.DriverScan py=14.10s(pass1) rs c/s/w=133.4/77.6/9.3ms vr c/w=2630.7/2194.0ms eq(rs)=['1', '1', '1'] consistent=1 load=14.57
windows.dumpfiles.DumpFiles py=144.37s(pass1) rs c/s/w=296.3/242.5/240.0ms vr c/w=8086.6/7522.0ms eq(rs)=['1', '1', '1'] consistent=1 load=9.94
windows.envars.Envars py=1.90s(pass1) rs c/s/w=68.6/11.6/12.2ms vr c/w=571.6/101.8ms eq(rs)=['1', '1', '1'] consistent=1 load=2.63
windows.etwpatch.EtwPatch py=17.51s(pass1) rs c/s/w=118.2/46.8/45.3ms vr c/w=699.2/224.0ms eq(rs)=['1', '1', '1'] consistent=1 load=3.94
windows.filescan.FileScan py=24.59s(pass1) rs c/s/w=145.0/90.3/28.3ms vr c/w=2777.8/2306.2ms eq(rs)=['1', '1', '1'] consistent=1 load=6.19
windows.getservicesids.GetServiceSIDs py=2.56s(pass1) rs c/s/w=66.4/5.1/5.1ms vr c/w=598.4/127.8ms eq(rs)=['1', '1', '1'] consistent=1 load=7.23
windows.getsids.GetSIDs py=2.80s(pass1) rs c/s/w=68.0/10.2/10.0ms vr c/w=598.2/120.3ms eq(rs)=['1', '1', '1'] consistent=1 load=6.73
windows.handles.Handles py=37.62s(pass1) rs c/s/w=117.8/61.5/66.6ms vr c/w=1129.6/667.2ms eq(rs)=['1', '1', '1'] consistent=1 load=6.73
windows.hashdump.Hashdump py=1.89s(pass1) rs c/s/w=65.0/6.3/5.6ms vr c/w=563.4/92.7ms eq(rs)=['1', '1', '1'] consistent=1 load=5.46
windows.iat.IAT py=4.62s(pass1) rs c/s/w=82.7/24.9/24.2ms vr c/w=643.0/170.4ms eq(rs)=['1', '1', '1'] consistent=1 load=5.10
windows.info.Info py=0.84s(pass1) rs c/s/w=63.0/2.7/2.2ms vr c/w=569.4/81.7ms eq(rs)=['1', '1', '1'] consistent=1 load=4.78
windows.joblinks.JobLinks py=1.14s(pass1) rs c/s/w=66.1/8.4/8.1ms vr c/w=562.0/94.2ms eq(rs)=['1', '1', '1'] consistent=1 load=4.78
windows.kpcrs.KPCRs py=0.92s(pass1) rs c/s/w=63.5/2.4/1.9ms vr c/w=561.6/82.1ms eq(rs)=['1', '1', '1'] consistent=1 load=4.47
windows.lsadump.Lsadump py=2.12s(pass1) rs c/s/w=66.8/6.0/5.7ms vr c/w=568.1/90.9ms eq(rs)=['1', '1', '1'] consistent=1 load=4.19
windows.malware.drivermodule.DriverModule py=14.12s(pass1) rs c/s/w=133.8/78.0/9.0ms vr c/w=2634.8/2151.6ms eq(rs)=['1', '1', '1'] consistent=1 load=3.94
windows.mbrscan.MBRScan py=16.53s(pass1) rs c/s/w=279.6/213.2/102.6ms vr c/w=1370.2/899.9ms eq(rs)=['1', '1', '1'] consistent=1 load=4.60
windows.modscan.ModScan py=13.08s(pass1) rs c/s/w=132.2/75.0/4.0ms vr c/w=2618.0/2147.0ms eq(rs)=['1', '1', '1'] consistent=1 load=3.58
windows.modules.Modules py=1.01s(pass1) rs c/s/w=65.1/3.9/3.3ms vr c/w=562.4/85.5ms eq(rs)=['1', '1', '1'] consistent=1 load=7.87
windows.mutantscan.MutantScan py=13.51s(pass1) rs c/s/w=138.0/75.5/8.0ms vr c/w=2634.9/2196.2ms eq(rs)=['1', '1', '1'] consistent=1 load=7.32
windows.netscan.NetScan py=20.68s(pass1) rs c/s/w=132.9/75.8/6.1ms vr c/w=2627.1/2167.8ms eq(rs)=['1', '1', '1'] consistent=1 load=13.95
windows.netstat.NetStat py=1.16s(pass1) rs c/s/w=67.7/6.5/6.4ms vr c/w=1053.1/571.8ms eq(rs)=['1', '1', '1'] consistent=1 load=12.89
windows.orphan_kernel_threads.Threads py=16.71s(pass1) rs c/s/w=137.8/79.4/13.4ms vr c/w=2677.4/2195.8ms eq(rs)=['1', '1', '1'] consistent=1 load=11.06
windows.pe_symbols.PESymbols py=0.36s(pass1) rs c/s/w=1.3/1.3/1.6ms vr c/w=3.1/3.0ms eq(rs)=['1', '1', '1'] consistent=1 load=12.39
windows.poolscanner.PoolScanner py=37.29s(pass1) rs c/s/w=155.2/95.8/40.0ms vr c/w=3277.8/2868.8ms eq(rs)=['1', '1', '1'] consistent=1 load=12.39
windows.privileges.Privs py=1.33s(pass1) rs c/s/w=68.4/10.1/9.7ms vr c/w=565.5/99.8ms eq(rs)=['1', '1', '1'] consistent=1 load=9.79
windows.pslist.PsList py=1.17s(pass1) rs c/s/w=65.2/4.2/3.5ms vr c/w=558.5/88.2ms eq(rs)=['1', '1', '1'] consistent=1 load=9.17
windows.psscan.PsScan py=14.86s(pass1) rs c/s/w=137.4/77.7/11.4ms vr c/w=2667.9/2227.1ms eq(rs)=['1', '1', '1'] consistent=1 load=8.51
windows.pstree.PsTree py=1.44s(pass1) rs c/s/w=69.0/10.0/9.5ms vr c/w=560.5/96.6ms eq(rs)=['1', '1', '1'] consistent=1 load=11.75
windows.registry.amcache.Amcache py=1.04s(pass1) rs c/s/w=64.5/3.2/2.7ms vr c/w=569.5/86.2ms eq(rs)=['1', '1', '1'] consistent=1 load=11.75
windows.registry.cachedump.Cachedump py=1.95s(pass1) rs c/s/w=64.4/6.2/5.6ms vr c/w=563.4/97.0ms eq(rs)=['1', '1', '1'] consistent=1 load=10.89
windows.registry.certificates.Certificates py=4.28s(pass1) rs c/s/w=66.9/9.2/8.6ms vr c/w=637.4/173.0ms eq(rs)=['1', '1', '1'] consistent=1 load=10.10
windows.registry.getcellroutine.GetCellRoutine py=1.36s(pass1) rs c/s/w=66.3/6.3/6.2ms vr c/w=694.6/227.1ms eq(rs)=['1', '1', '1'] consistent=1 load=9.37
windows.registry.hashdump.Hashdump py=2.07s(pass1) rs c/s/w=65.0/6.1/6.2ms vr c/w=572.0/94.3ms eq(rs)=['1', '1', '1'] consistent=1 load=8.70
windows.registry.hivelist.HiveList py=0.98s(pass1) rs c/s/w=63.2/3.2/3.5ms vr c/w=557.3/83.3ms eq(rs)=['1', '1', '1'] consistent=1 load=8.08
windows.registry.hivescan.HiveScan py=3.28s(pass1) rs c/s/w=64.5/3.7/3.2ms vr c/w=582.1/115.7ms eq(rs)=['1', '1', '1'] consistent=1 load=8.08
windows.registry.lsadump.Lsadump py=2.21s(pass1) rs c/s/w=65.2/6.2/5.7ms vr c/w=573.6/93.7ms eq(rs)=['1', '1', '1'] consistent=1 load=7.51
windows.registry.printkey.PrintKey py=2.38s(pass1) rs c/s/w=66.1/8.5/8.0ms vr c/w=591.9/120.1ms eq(rs)=['1', '1', '1'] consistent=1 load=6.99
windows.registry.scheduled_tasks.ScheduledTasks py=6.14s(pass1) rs c/s/w=66.1/6.6/6.2ms vr c/w=637.6/164.1ms eq(rs)=['1', '1', '1'] consistent=1 load=6.51
windows.registry.userassist.UserAssist py=1.85s(pass1) rs c/s/w=66.1/4.9/4.0ms vr c/w=590.5/110.8ms eq(rs)=['1', '1', '1'] consistent=1 load=6.07
windows.scheduled_tasks.ScheduledTasks py=6.24s(pass1) rs c/s/w=66.3/6.7/6.2ms vr c/w=645.0/164.2ms eq(rs)=['1', '1', '1'] consistent=1 load=5.66
windows.sessions.Sessions py=1.26s(pass1) rs c/s/w=68.5/9.8/9.6ms vr c/w=563.5/92.5ms eq(rs)=['1', '1', '1'] consistent=1 load=5.29
windows.shimcachemem.ShimcacheMem py=1.63s(pass1) rs c/s/w=64.3/5.3/5.2ms vr c/w=562.3/93.2ms eq(rs)=['1', '1', '1'] consistent=1 load=5.29
windows.ssdt.SSDT py=1.17s(pass1) rs c/s/w=62.4/6.3/6.2ms vr c/w=569.9/97.4ms eq(rs)=['1', '1', '1'] consistent=1 load=4.95
windows.suspended_threads.SuspendedThreads py=19.44s(pass1) rs c/s/w=107.2/38.5/42.5ms vr c/w=574.3/103.1ms eq(rs)=['1', '1', '1'] consistent=1 load=4.63
windows.symlinkscan.SymlinkScan py=13.13s(pass1) rs c/s/w=132.7/76.2/6.5ms vr c/w=2633.9/2180.0ms eq(rs)=['1', '1', '1'] consistent=1 load=4.34
windows.thrdscan.ThrdScan py=34.60s(pass1) rs c/s/w=144.7/92.3/25.4ms vr c/w=2827.7/2347.2ms eq(rs)=['1', '1', '1'] consistent=1 load=6.67
windows.threads.Threads py=18.67s(pass1) rs c/s/w=77.6/20.9/20.7ms vr c/w=738.8/263.3ms eq(rs)=['1', '1', '1'] consistent=1 load=8.44
windows.timers.Timers py=1.63s(pass1) rs c/s/w=65.1/8.1/7.7ms vr c/w=563.5/100.3ms eq(rs)=['1', '1', '1'] consistent=1 load=7.84
windows.truecrypt.Passphrase py=0.79s(pass1) rs c/s/w=64.1/3.2/2.6ms vr c/w=549.0/85.1ms eq(rs)=['1', '1', '1'] consistent=1 load=7.30
windows.unloadedmodules.UnloadedModules py=0.78s(pass1) rs c/s/w=64.2/2.4/2.7ms vr c/w=549.1/82.5ms eq(rs)=['1', '1', '1'] consistent=1 load=6.79
windows.vadinfo.VadInfo py=105.40s(pass1) rs c/s/w=88.7/31.4/33.4ms vr c/w=919.4/456.3ms eq(rs)=['1', '1', '1'] consistent=1 load=6.79
windows.vadwalk.VadWalk py=19.89s(pass1) rs c/s/w=78.6/20.5/20.9ms vr c/w=791.2/316.4ms eq(rs)=['1', '1', '1'] consistent=1 load=5.90
windows.verinfo.VerInfo py=49.59s(pass1) rs c/s/w=107.1/48.6/49.5ms vr c/w=751.7/282.2ms eq(rs)=['1', '1', '1'] consistent=1 load=5.51
windows.virtmap.VirtMap py=0.72s(pass1) rs c/s/w=62.8/2.5/2.0ms vr c/w=551.6/82.5ms eq(rs)=['1', '1', '1'] consistent=1 load=4.81
windows.windows.Windows py=17.95s(fresh) rs c/s/w=145.8/84.4/21.6ms vr c/w=2746.3/2284.2ms eq(rs)=['0', '0', '0'] consistent=1 load=4.81
windows.windowstations.WindowStations py=17.14s(pass1) rs c/s/w=140.7/81.0/17.3ms vr c/w=2672.9/2321.7ms eq(rs)=['1', '1', '1'] consistent=1 load=4.07
windows.statistics.Statistics py=1686.76s(pass1) rs c/s/w=84.4/25.6/25.5ms vr c/w=71675.8/70060.3ms eq(rs)=['1', '1', '1'] consistent=1 load=8.77
timeliner.Timeliner py=1468.70s(pass1) rs c/s/w=1597.2/1311.4/914.1ms vr c/w=19306.8/18646.4ms eq(rs)=['0', '0', '0'] consistent=1 load=1.00
